Component: ARM Compiler 5.06 update 1 (build 61) Tool: armlink [4d35a8]

==============================================================================

Section Cross References

    startup_stm32f407xx.o(RESET) refers to startup_stm32f407xx.o(STACK) for __initial_sp
    startup_stm32f407xx.o(RESET) refers to startup_stm32f407xx.o(.text) for Reset_Handler
    startup_stm32f407xx.o(RESET) refers to stm32f4xx_it.o(i.NMI_Handler) for NMI_Handler
    startup_stm32f407xx.o(RESET) refers to stm32f4xx_it.o(i.HardFault_Handler) for HardFault_Handler
    startup_stm32f407xx.o(RESET) refers to stm32f4xx_it.o(i.MemManage_Handler) for MemManage_Handler
    startup_stm32f407xx.o(RESET) refers to stm32f4xx_it.o(i.BusFault_Handler) for BusFault_Handler
    startup_stm32f407xx.o(RESET) refers to stm32f4xx_it.o(i.UsageFault_Handler) for UsageFault_Handler
    startup_stm32f407xx.o(RESET) refers to port.o(.emb_text) for SVC_Handler
    startup_stm32f407xx.o(RESET) refers to stm32f4xx_it.o(i.DebugMon_Handler) for DebugMon_Handler
    startup_stm32f407xx.o(RESET) refers to port.o(i.SysTick_Handler) for SysTick_Handler
    startup_stm32f407xx.o(RESET) refers to stm32f4xx_it.o(i.DMA1_Stream0_IRQHandler) for DMA1_Stream0_IRQHandler
    startup_stm32f407xx.o(RESET) refers to stm32f4xx_it.o(i.DMA1_Stream1_IRQHandler) for DMA1_Stream1_IRQHandler
    startup_stm32f407xx.o(RESET) refers to stm32f4xx_it.o(i.DMA1_Stream2_IRQHandler) for DMA1_Stream2_IRQHandler
    startup_stm32f407xx.o(RESET) refers to stm32f4xx_it.o(i.DMA1_Stream3_IRQHandler) for DMA1_Stream3_IRQHandler
    startup_stm32f407xx.o(RESET) refers to stm32f4xx_it.o(i.DMA1_Stream4_IRQHandler) for DMA1_Stream4_IRQHandler
    startup_stm32f407xx.o(RESET) refers to stm32f4xx_it.o(i.USART3_IRQHandler) for USART3_IRQHandler
    startup_stm32f407xx.o(RESET) refers to stm32f4xx_it.o(i.EXTI15_10_IRQHandler) for EXTI15_10_IRQHandler
    startup_stm32f407xx.o(RESET) refers to stm32f4xx_it.o(i.TIM8_UP_TIM13_IRQHandler) for TIM8_UP_TIM13_IRQHandler
    startup_stm32f407xx.o(RESET) refers to stm32f4xx_it.o(i.TIM8_TRG_COM_TIM14_IRQHandler) for TIM8_TRG_COM_TIM14_IRQHandler
    startup_stm32f407xx.o(RESET) refers to stm32f4xx_it.o(i.DMA1_Stream7_IRQHandler) for DMA1_Stream7_IRQHandler
    startup_stm32f407xx.o(RESET) refers to stm32f4xx_it.o(i.UART4_IRQHandler) for UART4_IRQHandler
    startup_stm32f407xx.o(RESET) refers to stm32f4xx_it.o(i.UART5_IRQHandler) for UART5_IRQHandler
    startup_stm32f407xx.o(RESET) refers to stm32f4xx_it.o(i.TIM6_DAC_IRQHandler) for TIM6_DAC_IRQHandler
    startup_stm32f407xx.o(.text) refers to system_stm32f4xx.o(i.SystemInit) for SystemInit
    startup_stm32f407xx.o(.text) refers to entry.o(.ARM.Collect$$$$00000000) for __main
    main.o(i.MX_DMA_Init) refers to stm32f4xx_hal_cortex.o(i.HAL_NVIC_SetPriority) for HAL_NVIC_SetPriority
    main.o(i.MX_DMA_Init) refers to stm32f4xx_hal_cortex.o(i.HAL_NVIC_EnableIRQ) for HAL_NVIC_EnableIRQ
    main.o(i.MX_GPIO_Init) refers to memseta.o(.text) for __aeabi_memclr4
    main.o(i.MX_GPIO_Init) refers to stm32f4xx_hal_gpio.o(i.HAL_GPIO_WritePin) for HAL_GPIO_WritePin
    main.o(i.MX_GPIO_Init) refers to stm32f4xx_hal_gpio.o(i.HAL_GPIO_Init) for HAL_GPIO_Init
    main.o(i.MX_GPIO_Init) refers to stm32f4xx_hal_cortex.o(i.HAL_NVIC_SetPriority) for HAL_NVIC_SetPriority
    main.o(i.MX_TIM13_Init) refers to memseta.o(.text) for __aeabi_memclr4
    main.o(i.MX_TIM13_Init) refers to stm32f4xx_hal_tim.o(i.HAL_TIM_Base_Init) for HAL_TIM_Base_Init
    main.o(i.MX_TIM13_Init) refers to stm32f4xx_hal_tim.o(i.HAL_TIM_PWM_Init) for HAL_TIM_PWM_Init
    main.o(i.MX_TIM13_Init) refers to stm32f4xx_hal_tim.o(i.HAL_TIM_PWM_ConfigChannel) for HAL_TIM_PWM_ConfigChannel
    main.o(i.MX_TIM13_Init) refers to stm32f4xx_hal_msp.o(i.HAL_TIM_MspPostInit) for HAL_TIM_MspPostInit
    main.o(i.MX_TIM13_Init) refers to main.o(.bss) for .bss
    main.o(i.MX_TIM14_Init) refers to memseta.o(.text) for __aeabi_memclr4
    main.o(i.MX_TIM14_Init) refers to stm32f4xx_hal_tim.o(i.HAL_TIM_Base_Init) for HAL_TIM_Base_Init
    main.o(i.MX_TIM14_Init) refers to stm32f4xx_hal_tim.o(i.HAL_TIM_PWM_Init) for HAL_TIM_PWM_Init
    main.o(i.MX_TIM14_Init) refers to stm32f4xx_hal_tim.o(i.HAL_TIM_PWM_ConfigChannel) for HAL_TIM_PWM_ConfigChannel
    main.o(i.MX_TIM14_Init) refers to stm32f4xx_hal_msp.o(i.HAL_TIM_MspPostInit) for HAL_TIM_MspPostInit
    main.o(i.MX_TIM14_Init) refers to main.o(.bss) for .bss
    main.o(i.StartDefaultTask) refers to memseta.o(.text) for __aeabi_memclr4
    main.o(i.StartDefaultTask) refers to stm32f4xx_hal_uart.o(i.HAL_UART_Receive_DMA) for HAL_UART_Receive_DMA
    main.o(i.StartDefaultTask) refers to queue.o(i.xQueueSemaphoreTake) for xQueueSemaphoreTake
    main.o(i.StartDefaultTask) refers to tempc.o(i.TEMPC_Stop) for TEMPC_Stop
    main.o(i.StartDefaultTask) refers to tasks.o(i.vTaskDelete) for vTaskDelete
    main.o(i.StartDefaultTask) refers to cmsis_os2.o(i.osThreadNew) for osThreadNew
[...]
    prvTimerTask                             0x08004fd9   Thumb Code    32  timers.o(i.prvTimerTask)
    i.prvUnlockQueue                         0x08004ffc   Section        0  queue.o(i.prvUnlockQueue)
    prvUnlockQueue                           0x08004ffd   Thumb Code   106  queue.o(i.prvUnlockQueue)
    i.pvPortMalloc                           0x08005068   Section        0  heap_4.o(i.pvPortMalloc)
    i.pvTaskIncrementMutexHeldCount          0x08005140   Section        0  tasks.o(i.pvTaskIncrementMutexHeldCount)
    i.pxPortInitialiseStack                  0x08005158   Section        0  port.o(i.pxPortInitialiseStack)
    i.scan_channels                          0x08005184   Section        0  freertos.o(i.scan_channels)
    scan_channels                            0x08005185   Thumb Code   124  freertos.o(i.scan_channels)
    i.uxListRemove                           0x08005200   Section        0  list.o(i.uxListRemove)
    i.vApplicationGetIdleTaskMemory          0x08005228   Section        0  cmsis_os2.o(i.vApplicationGetIdleTaskMemory)
    i.vApplicationGetTimerTaskMemory         0x0800523c   Section        0  cmsis_os2.o(i.vApplicationGetTimerTaskMemory)
    i.vListInitialise                        0x08005254   Section        0  list.o(i.vListInitialise)
    i.vListInitialiseItem                    0x0800526a   Section        0  list.o(i.vListInitialiseItem)
    i.vListInsert                            0x08005270   Section        0  list.o(i.vListInsert)
    i.vListInsertEnd                         0x080052a0   Section        0  list.o(i.vListInsertEnd)
    i.vPortEnterCritical                     0x080052b8   Section        0  port.o(i.vPortEnterCritical)
    i.vPortExitCritical                      0x080052f8   Section        0  port.o(i.vPortExitCritical)
    i.vPortFree                              0x08005320   Section        0  heap_4.o(i.vPortFree)
    i.vPortSetupTimerInterrupt               0x0800537c   Section        0  port.o(i.vPortSetupTimerInterrupt)
    i.vPortValidateInterruptPriority         0x080053a0   Section        0  port.o(i.vPortValidateInterruptPriority)
    i.vQueueAddToRegistry                    0x080053f4   Section        0  queue.o(i.vQueueAddToRegistry)
    i.vQueueWaitForMessageRestricted         0x0800541c   Section        0  queue.o(i.vQueueWaitForMessageRestricted)
    i.vTaskDelay                             0x08005460   Section        0  tasks.o(i.vTaskDelay)
    i.vTaskDelayUntil                        0x080054ac   Section        0  tasks.o(i.vTaskDelayUntil)
    i.vTaskDelete                            0x08005538   Section        0  tasks.o(i.vTaskDelete)
    i.vTaskInternalSetTimeOutState           0x080055c8   Section        0  tasks.o(i.vTaskInternalSetTimeOutState)
    i.vTaskMissedYield                       0x080055d8   Section        0  tasks.o(i.vTaskMissedYield)
    i.vTaskPlaceOnEventList                  0x080055e4   Section        0  tasks.o(i.vTaskPlaceOnEventList)
    i.vTaskPlaceOnEventListRestricted        0x08005614   Section        0  tasks.o(i.vTaskPlaceOnEventListRestricted)
    i.vTaskPriorityDisinheritAfterTimeout    0x0800564c   Section        0  tasks.o(i.vTaskPriorityDisinheritAfterTimeout)
    i.vTaskStartScheduler                    0x080056dc   Section        0  tasks.o(i.vTaskStartScheduler)
    i.vTaskSuspendAll                        0x08005764   Section        0  tasks.o(i.vTaskSuspendAll)
    i.vTaskSwitchContext                     0x08005774   Section        0  tasks.o(i.vTaskSwitchContext)
    i.xPortStartScheduler                    0x080057d8   Section        0  port.o(i.xPortStartScheduler)
    i.xQueueGenericCreate                    0x080058cc   Section        0  queue.o(i.xQueueGenericCreate)
    i.xQueueGenericCreateStatic              0x08005914   Section        0  queue.o(i.xQueueGenericCreateStatic)
    i.xQueueGenericReset                     0x0800597c   Section        0  queue.o(i.xQueueGenericReset)
    i.xQueueGenericSend                      0x08005a04   Section        0  queue.o(i.xQueueGenericSend)
    i.xQueueGenericSendFromISR               0x08005b64   Section        0  queue.o(i.xQueueGenericSendFromISR)
    i.xQueueGiveFromISR                      0x08005c20   Section        0  queue.o(i.xQueueGiveFromISR)
    i.xQueueReceive                          0x08005cbc   Section        0  queue.o(i.xQueueReceive)
    i.xQueueSemaphoreTake                    0x08005df4   Section        0  queue.o(i.xQueueSemaphoreTake)
    i.xTaskCheckForTimeOut                   0x08005f6c   Section        0  tasks.o(i.xTaskCheckForTimeOut)
    i.xTaskCreate                            0x08005fe0   Section        0  tasks.o(i.xTaskCreate)
    i.xTaskCreateStatic                      0x0800603a   Section        0  tasks.o(i.xTaskCreateStatic)
    i.xTaskGetSchedulerState                 0x08006090   Section        0  tasks.o(i.xTaskGetSchedulerState)
    i.xTaskGetTickCount                      0x080060ac   Section        0  tasks.o(i.xTaskGetTickCount)
    i.xTaskIncrementTick                     0x080060b8   Section        0  tasks.o(i.xTaskIncrementTick)
    i.xTaskPriorityDisinherit                0x08006180   Section        0  tasks.o(i.xTaskPriorityDisinherit)
    i.xTaskPriorityInherit                   0x08006200   Section        0  tasks.o(i.xTaskPriorityInherit)
    i.xTaskRemoveFromEventList               0x08006278   Section        0  tasks.o(i.xTaskRemoveFromEventList)
    i.xTaskResumeAll                         0x080062e8   Section        0  tasks.o(i.xTaskResumeAll)
    i.xTimerCreateTimerTask                  0x080063ac   Section        0  timers.o(i.xTimerCreateTimerTask)
    i.xTimerGenericCommand                   0x0800640c   Section        0  timers.o(i.xTimerGenericCommand)
    .constdata                               0x08006474   Section       36  main.o(.constdata)
    .constdata                               0x08006498   Section       36  freertos.o(.constdata)
    .constdata                               0x080064bc   Section        8  stm32f4xx_hal_dma.o(.constdata)
    flagBitshiftOffset                       0x080064bc   Data           8  stm32f4xx_hal_dma.o(.constdata)
    .constdata                               0x080064c4   Section       16  system_stm32f4xx.o(.constdata)
    .constdata                               0x080064d4   Section        8  system_stm32f4xx.o(.constdata)
    .constdata                               0x080064dc   Section       64  ctype_c.o(.constdata)
    .conststring                             0x0800651c   Section       12  main.o(.conststring)
    .conststring                             0x08006528   Section       10  freertos.o(.conststring)
    .data                                    0x20000000   Section       32  main.o(.data)
    .data                                    0x20000020   Section       12  freertos.o(.data)
    cmd                                      0x20000020   Data           3  freertos.o(.data)
    .data                                    0x2000002c   Section        4  freertos.o(.data)
    .data                                    0x20000030   Section        4  freertos.o(.data)
    .data                                    0x20000034   Section       12  stm32f4xx_hal.o(.data)
    .data                                    0x20000040   Section        4  system_stm32f4xx.o(.data)
    .data                                    0x20000044   Section       60  tasks.o(.data)
    pxDelayedTaskList                        0x20000048   Data           4  tasks.o(.data)
    pxOverflowDelayedTaskList                0x2000004c   Data           4  tasks.o(.data)
    uxDeletedTasksWaitingCleanUp             0x20000050   Data           4  tasks.o(.data)
    uxCurrentNumberOfTasks                   0x20000054   Data           4  tasks.o(.data)
    xTickCount                               0x20000058   Data           4  tasks.o(.data)
    uxTopReadyPriority                       0x2000005c   Data           4  tasks.o(.data)
    xSchedulerRunning                        0x20000060   Data           4  tasks.o(.data)
    uxPendedTicks                            0x20000064   Data           4  tasks.o(.data)
    xYieldPending                            0x20000068   Data           4  tasks.o(.data)
    xNumOfOverflows                          0x2000006c   Data           4  tasks.o(.data)
    uxTaskNumber                             0x20000070   Data           4  tasks.o(.data)
    xNextTaskUnblockTime                     0x20000074   Data           4  tasks.o(.data)
    xIdleTaskHandle                          0x20000078   Data           4  tasks.o(.data)
    uxSchedulerSuspended                     0x2000007c   Data           4  tasks.o(.data)
    .data                                    0x20000080   Section       20  timers.o(.data)
    pxCurrentTimerList                       0x20000080   Data           4  timers.o(.data)
    pxOverflowTimerList                      0x20000084   Data           4  timers.o(.data)
    xTimerQueue                              0x20000088   Data           4  timers.o(.data)
    xTimerTaskHandle                         0x2000008c   Data           4  timers.o(.data)
    xLastTime                                0x20000090   Data           4  timers.o(.data)
    .data                                    0x20000094   Section        4  cmsis_os2.o(.data)
    KernelState                              0x20000094   Data           4  cmsis_os2.o(.data)
    .data                                    0x20000098   Section       24  heap_4.o(.data)
    pxEnd                                    0x20000098   Data           4  heap_4.o(.data)
    xFreeBytesRemaining                      0x2000009c   Data           4  heap_4.o(.data)
    xMinimumEverFreeBytesRemaining           0x200000a0   Data           4  heap_4.o(.data)
    xBlockAllocatedBit                       0x200000a4   Data           4  heap_4.o(.data)
    xStart                                   0x200000a8   Data           8  heap_4.o(.data)
    .data                                    0x200000b0   Section       12  port.o(.data)
    ucMaxSysCallPriority                     0x200000b0   Data           1  port.o(.data)
    uxCriticalNesting                        0x200000b4   Data           4  port.o(.data)
    ulMaxPRIGROUPValue                       0x200000b8   Data           4  port.o(.data)
    .data                                    0x200000bc   Section       16  callbacks.o(.data)
    flag                                     0x200000bc   Data           1  callbacks.o(.data)
    xHigherPriorityTaskWoken                 0x200000c0   Data           4  callbacks.o(.data)
    xHigherPriorityTaskWoken                 0x200000c4   Data           4  callbacks.o(.data)
    xHigherPriorityTaskWoken                 0x200000c8   Data           4  callbacks.o(.data)
    .data                                    0x200000cc   Section        4  print.o(.data)
    .data                                    0x200000d0   Section        8  tempc.o(.data)
    length                                   0x200000d4   Data           4  tempc.o(.data)
    .data                                    0x200000d8   Section        4  fluor.o(.data)
    .bss                                     0x200000dc   Section      352  main.o(.bss)
    DBG_ReceiveBuffer                        0x200000dc   Data          32  main.o(.bss)
    .bss                                     0x2000023c   Section       96  main.o(.bss)
    .bss                                     0x2000029c   Section       96  main.o(.bss)
    .bss                                     0x200002fc   Section       96  main.o(.bss)
    .bss                                     0x2000035c   Section       96  main.o(.bss)
    .bss                                     0x200003bc   Section       96  main.o(.bss)
    .bss                                     0x2000041c   Section       96  main.o(.bss)
    .bss                                     0x2000047c   Section       45  freertos.o(.bss)
    htempc                                   0x2000047c   Data          36  freertos.o(.bss)
    cmd                                      0x200004a0   Data           9  freertos.o(.bss)
    .bss                                     0x200004ac   Section      128  freertos.o(.bss)
    .bss                                     0x2000052c   Section       64  stm32f4xx_hal_timebase_tim.o(.bss)
    .bss                                     0x2000056c   Section       64  queue.o(.bss)
    .bss                                     0x200005ac   Section     1220  tasks.o(.bss)
    pxReadyTasksLists                        0x200005ac   Data        1120  tasks.o(.bss)
    xDelayedTaskList1                        0x20000a0c   Data          20  tasks.o(.bss)
    xDelayedTaskList2                        0x20000a20   Data          20  tasks.o(.bss)
    xPendingReadyList                        0x20000a34   Data          20  tasks.o(.bss)
    xTasksWaitingTermination                 0x20000a48   Data          20  tasks.o(.bss)
    xSuspendedTaskList                       0x20000a5c   Data          20  tasks.o(.bss)
    .bss                                     0x20000a70   Section      280  timers.o(.bss)
    xActiveTimerList1                        0x20000a70   Data          20  timers.o(.bss)
    xActiveTimerList2                        0x20000a84   Data          20  timers.o(.bss)
    xStaticTimerQueue                        0x20000a98   Data          80  timers.o(.bss)
    ucStaticTimerQueueStorage                0x20000ae8   Data         160  timers.o(.bss)
    .bss                                     0x20000b88   Section     1720  cmsis_os2.o(.bss)
    Idle_TCB                                 0x20000b88   Data          92  cmsis_os2.o(.bss)
    Idle_Stack                               0x20000be4   Data         512  cmsis_os2.o(.bss)
    Timer_TCB                                0x20000de4   Data          92  cmsis_os2.o(.bss)
    Timer_Stack                              0x20000e40   Data        1024  cmsis_os2.o(.bss)
    .bss                                     0x20001240   Section    15360  heap_4.o(.bss)
    ucHeap                                   0x20001240   Data       15360  heap_4.o(.bss)
    .bss                                     0x20004e40   Section       64  print.o(.bss)
    .bss                                     0x20004e80   Section       56  stepper.o(.bss)
    .bss                                     0x20004eb8   Section       96  tempc.o(.bss)
    cmd                                      0x20004ef8   Data          32  tempc.o(.bss)
    .bss                                     0x20004f18   Section       32  fluor.o(.bss)
    STACK                                    0x20004f38   Section     1024  startup_stm32f407xx.o(STACK)

    Global Symbols

    Symbol Name                              Value     Ov Type        Size  Object(Section)

    BuildAttributes$$THM_ISAv4$E$P$D$K$B$S$7EM$VFPi3$EXTD16$VFPS$VFMA$PE$A:L22UL41UL21$X:L11$S22US41US21$IEEE1$IW$USESV6$~STKCKD$USESV7$~SHL$OTIME$ROPI$IEEEJ$EBA8$MICROLIB$REQ8$PRES8$EABIv2 0x00000000   Number         0  anon$$obj.o ABSOLUTE
    __ARM_use_no_argv                        0x00000000   Number         0  main.o ABSOLUTE
    _printf_a                                0x00000000   Number         0  stubs.o ABSOLUTE
    _printf_c                                0x00000000   Number         0  stubs.o ABSOLUTE
    _printf_charcount                        0x00000000   Number         0  stubs.o ABSOLUTE
    _printf_d                                0x00000000   Number         0  stubs.o ABSOLUTE
    _printf_e                                0x00000000   Number         0  stubs.o ABSOLUTE
    _printf_f                                0x00000000   Number         0  stubs.o ABSOLUTE
    _printf_flags                            0x00000000   Number         0  stubs.o ABSOLUTE
    _printf_fp_dec                           0x00000000   Number         0  stubs.o ABSOLUTE
    _printf_fp_hex                           0x00000000   Number         0  stubs.o ABSOLUTE
    _printf_g                                0x00000000   Number         0  stubs.o ABSOLUTE
    _printf_i                                0x00000000   Number         0  stubs.o ABSOLUTE
    _printf_int_dec                          0x00000000   Number         0  stubs.o ABSOLUTE
    _printf_l                                0x00000000   Number         0  stubs.o ABSOLUTE
    _printf_lc                               0x00000000   Number         0  stubs.o ABSOLUTE
    _printf_ll                               0x00000000   Number         0  stubs.o ABSOLUTE
    _printf_lld                              0x00000000   Number         0  stubs.o ABSOLUTE
    _printf_lli                              0x00000000   Number         0  stubs.o ABSOLUTE
    _printf_llo                              0x00000000   Number         0  stubs.o ABSOLUTE
    _printf_llu                              0x00000000   Number         0  stubs.o ABSOLUTE
    _printf_llx                              0x00000000   Number         0  stubs.o ABSOLUTE
    _printf_longlong_dec                     0x00000000   Number         0  stubs.o ABSOLUTE
    _printf_longlong_hex                     0x00000000   Number         0  stubs.o ABSOLUTE
    _printf_longlong_oct                     0x00000000   Number         0  stubs.o ABSOLUTE
    _printf_ls                               0x00000000   Number         0  stubs.o ABSOLUTE
    _printf_mbtowc                           0x00000000   Number         0  stubs.o ABSOLUTE
    _printf_n                                0x00000000   Number         0  stubs.o ABSOLUTE
    _printf_o                                0x00000000   Number         0  stubs.o ABSOLUTE
    _printf_p                                0x00000000   Number         0  stubs.o ABSOLUTE
    _printf_percent                          0x00000000   Number         0  stubs.o ABSOLUTE
    _printf_pre_padding                      0x00000000   Number         0  stubs.o ABSOLUTE
    _printf_return_value                     0x00000000   Number         0  stubs.o ABSOLUTE
    _printf_s                                0x00000000   Number         0  stubs.o ABSOLUTE
    _printf_sizespec                         0x00000000   Number         0  stubs.o ABSOLUTE
    _printf_str                              0x00000000   Number         0  stubs.o ABSOLUTE
    _printf_truncate_signed                  0x00000000   Number         0  stubs.o ABSOLUTE
    _printf_truncate_unsigned                0x00000000   Number         0  stubs.o ABSOLUTE
    _printf_u                                0x00000000   Number         0  stubs.o ABSOLUTE
    _printf_wc                               0x00000000   Number         0  stubs.o ABSOLUTE
    _printf_wctomb                           0x00000000   Number         0  stubs.o ABSOLUTE
    _printf_widthprec                        0x00000000   Number         0  stubs.o ABSOLUTE
    _printf_x                                0x00000000   Number         0  stubs.o ABSOLUTE
    __cpp_initialize__aeabi_                  - Undefined Weak Reference
    __cxa_finalize                            - Undefined Weak Reference
    __decompress                              - Undefined Weak Reference
    _clock_init                               - Undefined Weak Reference
    _microlib_exit                            - Undefined Weak Reference
    __Vectors_Size                           0x00000188   Number         0  startup_stm32f407xx.o ABSOLUTE
    __Vectors                                0x08000000   Data           4  startup_stm32f407xx.o(RESET)
    __Vectors_End                            0x08000188   Data           0  startup_stm32f407xx.o(RESET)
    __main                                   0x08000189   Thumb Code     0  entry.o(.ARM.Collect$$$$00000000)
    _main_stk                                0x08000189   Thumb Code     0  entry2.o(.ARM.Collect$$$$00000001)
    _main_scatterload                        0x0800018d   Thumb Code     0  entry5.o(.ARM.Collect$$$$00000004)
    __main_after_scatterload                 0x08000191   Thumb Code     0  entry5.o(.ARM.Collect$$$$00000004)
    _main_clock                              0x08000191   Thumb Code     0  entry7b.o(.ARM.Collect$$$$00000008)
    _main_cpp_init                           0x08000191   Thumb Code     0  entry8b.o(.ARM.Collect$$$$0000000A)
    _main_init                               0x08000191   Thumb Code     0  entry9a.o(.ARM.Collect$$$$0000000B)
    __rt_final_cpp                           0x08000199   Thumb Code     0  entry10a.o(.ARM.Collect$$$$0000000D)
    __rt_final_exit                          0x08000199   Thumb Code     0  entry11a.o(.ARM.Collect$$$$0000000F)
    SVC_Handler                              0x0800019d   Thumb Code    28  port.o(.emb_text)
    __asm___6_port_c_39a90d8d__prvStartFirstTask 0x080001bd   Thumb Code    36  port.o(.emb_text)
    __asm___6_port_c_39a90d8d__prvEnableVFP  0x080001e5   Thumb Code    16  port.o(.emb_text)
    PendSV_Handler                           0x080001f9   Thumb Code    88  port.o(.emb_text)
    vPortGetIPSR                             0x08000255   Thumb Code     6  port.o(.emb_text)
    Reset_Handler                            0x0800025d   Thumb Code     8  startup_stm32f407xx.o(.text)
    ADC_IRQHandler                           0x08000277   Thumb Code     0  startup_stm32f407xx.o(.text)
    CAN1_RX0_IRQHandler                      0x08000277   Thumb Code     0  startup_stm32f407xx.o(.text)
    CAN1_RX1_IRQHandler                      0x08000277   Thumb Code     0  startup_stm32f407xx.o(.text)
    CAN1_SCE_IRQHandler                      0x08000277   Thumb Code     0  startup_stm32f407xx.o(.text)
    CAN1_TX_IRQHandler                       0x08000277   Thumb Code     0  startup_stm32f407xx.o(.text)
    CAN2_RX0_IRQHandler                      0x08000277   Thumb Code     0  startup_stm32f407xx.o(.text)
    CAN2_RX1_IRQHandler                      0x08000277   Thumb Code     0  startup_stm32f407xx.o(.text)
    CAN2_SCE_IRQHandler                      0x08000277   Thumb Code     0  startup_stm32f407xx.o(.text)
    CAN2_TX_IRQHandler                       0x08000277   Thumb Code     0  startup_stm32f407xx.o(.text)
    DCMI_IRQHandler                          0x08000277   Thumb Code     0  startup_stm32f407xx.o(.text)
    DMA1_Stream5_IRQHandler                  0x08000277   Thumb Code     0  startup_stm32f407xx.o(.text)
    DMA1_Stream6_IRQHandler                  0x08000277   Thumb Code     0  startup_stm32f407xx.o(.text)
    DMA2_Stream0_IRQHandler                  0x08000277   Thumb Code     0  startup_stm32f407xx.o(.text)
    DMA2_Stream1_IRQHandler                  0x08000277   Thumb Code     0  startup_stm32f407xx.o(.text)
    DMA2_Stream2_IRQHandler                  0x08000277   Thumb Code     0  startup_stm32f407xx.o(.text)
    DMA2_Stream3_IRQHandler                  0x08000277   Thumb Code     0  startup_stm32f407xx.o(.text)
    DMA2_Stream4_IRQHandler                  0x08000277   Thumb Code     0  startup_stm32f407xx.o(.text)
    DMA2_Stream5_IRQHandler                  0x08000277   Thumb Code     0  startup_stm32f407xx.o(.text)
    DMA2_Stream6_IRQHandler                  0x08000277   Thumb Code     0  startup_stm32f407xx.o(.text)
    DMA2_Stream7_IRQHandler                  0x08000277   Thumb Code     0  startup_stm32f407xx.o(.text)
    ETH_IRQHandler                           0x08000277   Thumb Code     0  startup_stm32f407xx.o(.text)
    ETH_WKUP_IRQHandler                      0x08000277   Thumb Code     0  startup_stm32f407xx.o(.text)
    EXTI0_IRQHandler                         0x08000277   Thumb Code     0  startup_stm32f407xx.o(.text)
    EXTI1_IRQHandler                         0x08000277   Thumb Code     0  startup_stm32f407xx.o(.text)
    EXTI2_IRQHandler                         0x08000277   Thumb Code     0  startup_stm32f407xx.o(.text)
    EXTI3_IRQHandler                         0x08000277   Thumb Code     0  startup_stm32f407xx.o(.text)
    EXTI4_IRQHandler                         0x08000277   Thumb Code     0  startup_stm32f407xx.o(.text)
    EXTI9_5_IRQHandler                       0x08000277   Thumb Code     0  startup_stm32f407xx.o(.text)
    FLASH_IRQHandler                         0x08000277   Thumb Code     0  startup_stm32f407xx.o(.text)
    FMC_IRQHandler                           0x08000277   Thumb Code     0  startup_stm32f407xx.o(.text)
    FPU_IRQHandler                           0x08000277   Thumb Code     0  startup_stm32f407xx.o(.text)
    HASH_RNG_IRQHandler                      0x08000277   Thumb Code     0  startup_stm32f407xx.o(.text)
    I2C1_ER_IRQHandler                       0x08000277   Thumb Code     0  startup_stm32f407xx.o(.text)
    I2C1_EV_IRQHandler                       0x08000277   Thumb Code     0  startup_stm32f407xx.o(.text)
    I2C2_ER_IRQHandler                       0x08000277   Thumb Code     0  startup_stm32f407xx.o(.text)
    I2C2_EV_IRQHandler                       0x08000277   Thumb Code     0  startup_stm32f407xx.o(.text)
    I2C3_ER_IRQHandler                       0x08000277   Thumb Code     0  startup_stm32f407xx.o(.text)
    I2C3_EV_IRQHandler                       0x08000277   Thumb Code     0  startup_stm32f407xx.o(.text)
    OTG_FS_IRQHandler                        0x08000277   Thumb Code     0  startup_stm32f407xx.o(.text)
    OTG_FS_WKUP_IRQHandler                   0x08000277   Thumb Code     0  startup_stm32f407xx.o(.text)
    OTG_HS_EP1_IN_IRQHandler                 0x08000277   Thumb Code     0  startup_stm32f407xx.o(.text)
    OTG_HS_EP1_OUT_IRQHandler                0x08000277   Thumb Code     0  startup_stm32f407xx.o(.text)
    OTG_HS_IRQHandler                        0x08000277   Thumb Code     0  startup_stm32f407xx.o(.text)
    OTG_HS_WKUP_IRQHandler                   0x08000277   Thumb Code     0  startup_stm32f407xx.o(.text)
    PVD_IRQHandler                           0x08000277   Thumb Code     0  startup_stm32f407xx.o(.text)
    RCC_IRQHandler                           0x08000277   Thumb Code     0  startup_stm32f407xx.o(.text)
    RTC_Alarm_IRQHandler                     0x08000277   Thumb Code     0  startup_stm32f407xx.o(.text)
    RTC_WKUP_IRQHandler                      0x08000277   Thumb Code     0  startup_stm32f407xx.o(.text)
    SDIO_IRQHandler                          0x08000277   Thumb Code     0  startup_stm32f407xx.o(.text)
    SPI1_IRQHandler                          0x08000277   Thumb Code     0  startup_stm32f407xx.o(.text)
    SPI2_IRQHandler                          0x08000277   Thumb Code     0  startup_stm32f407xx.o(.text)
    SPI3_IRQHandler                          0x08000277   Thumb Code     0  startup_stm32f407xx.o(.text)
    TAMP_STAMP_IRQHandler                    0x08000277   Thumb Code     0  startup_stm32f407xx.o(.text)
    TIM1_BRK_TIM9_IRQHandler                 0x08000277   Thumb Code     0  startup_stm32f407xx.o(.text)
    TIM1_CC_IRQHandler                       0x08000277   Thumb Code     0  startup_stm32f407xx.o(.text)
    TIM1_TRG_COM_TIM11_IRQHandler            0x08000277   Thumb Code     0  startup_stm32f407xx.o(.text)
    TIM1_UP_TIM10_IRQHandler                 0x08000277   Thumb Code     0  startup_stm32f407xx.o(.text)
    TIM2_IRQHandler                          0x08000277   Thumb Code     0  startup_stm32f407xx.o(.text)
    TIM3_IRQHandler                          0x08000277   Thumb Code     0  startup_stm32f407xx.o(.text)
    TIM4_IRQHandler                          0x08000277   Thumb Code     0  startup_stm32f407xx.o(.text)
    TIM5_IRQHandler                          0x08000277   Thumb Code     0  startup_stm32f407xx.o(.text)
    TIM7_IRQHandler                          0x08000277   Thumb Code     0  startup_stm32f407xx.o(.text)
    TIM8_BRK_TIM12_IRQHandler                0x08000277   Thumb Code     0  startup_stm32f407xx.o(.text)
    TIM8_CC_IRQHandler                       0x08000277   Thumb Code     0  startup_stm32f407xx.o(.text)
    USART1_IRQHandler                        0x08000277   Thumb Code     0  startup_stm32f407xx.o(.text)
    USART2_IRQHandler                        0x08000277   Thumb Code     0  startup_stm32f407xx.o(.text)
    USART6_IRQHandler                        0x08000277   Thumb Code     0  startup_stm32f407xx.o(.text)
    WWDG_IRQHandler                          0x08000277   Thumb Code     0  startup_stm32f407xx.o(.text)
    __aeabi_uldivmod                         0x08000281   Thumb Code    98  uldiv.o(.text)
    __aeabi_memcpy                           0x080002e3   Thumb Code    36  memcpya.o(.text)
    __aeabi_memcpy4                          0x080002e3   Thumb Code     0  memcpya.o(.text)
    __aeabi_memcpy8                          0x080002e3   Thumb Code     0  memcpya.o(.text)
    __aeabi_memset                           0x08000307   Thumb Code    14  memseta.o(.text)
    __aeabi_memset4                          0x08000307   Thumb Code     0  memseta.o(.text)
    __aeabi_memset8                          0x08000307   Thumb Code     0  memseta.o(.text)
    __aeabi_memclr                           0x08000315   Thumb Code     4  memseta.o(.text)
    __aeabi_memclr4                          0x08000315   Thumb Code     0  memseta.o(.text)
    __aeabi_memclr8                          0x08000315   Thumb Code     0  memseta.o(.text)
    memset                                   0x08000319   Thumb Code    18  memseta.o(.text)
    strstr                                   0x0800032b   Thumb Code    36  strstr.o(.text)
    __aeabi_f2d                              0x0800034f   Thumb Code    38  f2d.o(.text)
    __aeabi_uidiv                            0x08000375   Thumb Code     0  uidiv.o(.text)
    __aeabi_uidivmod                         0x08000375   Thumb Code    44  uidiv.o(.text)
    __aeabi_llsl                             0x080003a1   Thumb Code    30  llshl.o(.text)
    _ll_shift_l                              0x080003a1   Thumb Code     0  llshl.o(.text)
    __aeabi_llsr                             0x080003bf   Thumb Code    32  llushr.o(.text)
    _ll_ushift_r                             0x080003bf   Thumb Code     0  llushr.o(.text)
    __strtod_int                             0x08000417   Thumb Code    88  strtod.o(.text)
    __I$use$fp                               0x0800047d   Thumb Code     0  iusefp.o(.text)
    __aeabi_dadd                             0x0800047d   Thumb Code   322  dadd.o(.text)
    __aeabi_dsub                             0x080005bf   Thumb Code     6  dadd.o(.text)
    __aeabi_drsub                            0x080005c5   Thumb Code     6  dadd.o(.text)
    __aeabi_dmul                             0x080005cb   Thumb Code   228  dmul.o(.text)
    __aeabi_ddiv                             0x080006af   Thumb Code   222  ddiv.o(.text)
    __aeabi_d2ulz                            0x0800078d   Thumb Code    48  dfixul.o(.text)
    __aeabi_cdrcmple                         0x080007bd   Thumb Code    48  cdrcmple.o(.text)
    __aeabi_d2f                              0x080007ed   Thumb Code    56  d2f.o(.text)
    __scatterload                            0x08000825   Thumb Code    28  init.o(.text)
    __scatterload_rt2                        0x08000825   Thumb Code     0  init.o(.text)
    __aeabi_lasr                             0x08000849   Thumb Code    36  llsshr.o(.text)
    _ll_sshift_r                             0x08000849   Thumb Code     0  llsshr.o(.text)
    isspace                                  0x0800086d   Thumb Code    10  isspace_c.o(.text)
    _scanf_real                              0x08000979   Thumb Code     0  scanf_fp.o(.text)
    _scanf_really_real                       0x08000979   Thumb Code   556  scanf_fp.o(.text)
    _sgetc                                   0x08000bb1   Thumb Code    30  _sgetc.o(.text)
    _sbackspace                              0x08000bcf   Thumb Code    34  _sgetc.o(.text)
    _float_round                             0x08000bf1   Thumb Code    18  fepilogue.o(.text)
    _float_epilogue                          0x08000c03   Thumb Code    92  fepilogue.o(.text)
    _double_round                            0x08000c5f   Thumb Code    30  depilogue.o(.text)
    _double_epilogue                         0x08000c7d   Thumb Code   156  depilogue.o(.text)
    __ctype_lookup                           0x08000d19   Thumb Code    34  ctype_c.o(.text)
    __aeabi_ul2d                             0x08000d41   Thumb Code    24  dfltul.o(.text)
    BusFault_Handler                         0x08000d59   Thumb Code     2  stm32f4xx_it.o(i.BusFault_Handler)
    DMA1_Stream0_IRQHandler                  0x08000d99   Thumb Code     6  stm32f4xx_it.o(i.DMA1_Stream0_IRQHandler)
    DMA1_Stream1_IRQHandler                  0x08000da5   Thumb Code     6  stm32f4xx_it.o(i.DMA1_Stream1_IRQHandler)
    DMA1_Stream2_IRQHandler                  0x08000db1   Thumb Code     6  stm32f4xx_it.o(i.DMA1_Stream2_IRQHandler)
    DMA1_Stream3_IRQHandler                  0x08000dbd   Thumb Code     6  stm32f4xx_it.o(i.DMA1_Stream3_IRQHandler)
    DMA1_Stream4_IRQHandler                  0x08000dc9   Thumb Code     6  stm32f4xx_it.o(i.DMA1_Stream4_IRQHandler)
    DMA1_Stream7_IRQHandler                  0x08000dd5   Thumb Code     6  stm32f4xx_it.o(i.DMA1_Stream7_IRQHandler)
    DebugMon_Handler                         0x08000e85   Thumb Code     2  stm32f4xx_it.o(i.DebugMon_Handler)
    EXTI15_10_IRQHandler                     0x08000e87   Thumb Code    38  stm32f4xx_it.o(i.EXTI15_10_IRQHandler)
    Error_Handler                            0x08000ead   Thumb Code     4  main.o(i.Error_Handler)
    HAL_CRC_Init                             0x08000eb1   Thumb Code    34  stm32f4xx_hal_crc.o(i.HAL_CRC_Init)
    HAL_CRC_MspInit                          0x08000ed5   Thumb Code    30  stm32f4xx_hal_msp.o(i.HAL_CRC_MspInit)
    HAL_DMA_Abort                            0x08000efd   Thumb Code   142  stm32f4xx_hal_dma.o(i.HAL_DMA_Abort)
    HAL_DMA_Abort_IT                         0x08000f8b   Thumb Code    36  stm32f4xx_hal_dma.o(i.HAL_DMA_Abort_IT)
    HAL_DMA_GetError                         0x08000faf   Thumb Code     4  stm32f4xx_hal_dma.o(i.HAL_DMA_GetError)
    HAL_DMA_IRQHandler                       0x08000fb5   Thumb Code   412  stm32f4xx_hal_dma.o(i.HAL_DMA_IRQHandler)
    HAL_DMA_Init                             0x08001155   Thumb Code   206  stm32f4xx_hal_dma.o(i.HAL_DMA_Init)
    HAL_DMA_Start_IT                         0x08001229   Thumb Code   110  stm32f4xx_hal_dma.o(i.HAL_DMA_Start_IT)
    HAL_GPIO_EXTI_Callback                   0x08001299   Thumb Code   134  callbacks.o(i.HAL_GPIO_EXTI_Callback)
    HAL_GPIO_EXTI_IRQHandler                 0x08001331   Thumb Code    18  stm32f4xx_hal_gpio.o(i.HAL_GPIO_EXTI_IRQHandler)
    HAL_GPIO_Init                            0x08001349   Thumb Code   394  stm32f4xx_hal_gpio.o(i.HAL_GPIO_Init)
    HAL_GPIO_ReadPin                         0x08001501   Thumb Code    10  stm32f4xx_hal_gpio.o(i.HAL_GPIO_ReadPin)
    HAL_GPIO_WritePin                        0x0800150b   Thumb Code    10  stm32f4xx_hal_gpio.o(i.HAL_GPIO_WritePin)
    HAL_GetTick                              0x08001515   Thumb Code     6  stm32f4xx_hal.o(i.HAL_GetTick)
    HAL_IncTick                              0x08001521   Thumb Code    12  stm32f4xx_hal.o(i.HAL_IncTick)
    HAL_Init                                 0x08001531   Thumb Code    48  stm32f4xx_hal.o(i.HAL_Init)
    HAL_InitTick                             0x08001565   Thumb Code    98  stm32f4xx_hal_timebase_tim.o(i.HAL_InitTick)
    HAL_MspInit                              0x080015d9   Thumb Code    52  stm32f4xx_hal_msp.o(i.HAL_MspInit)
    HAL_NVIC_DisableIRQ                      0x08001611   Thumb Code    34  stm32f4xx_hal_cortex.o(i.HAL_NVIC_DisableIRQ)
    HAL_NVIC_EnableIRQ                       0x08001633   Thumb Code    26  stm32f4xx_hal_cortex.o(i.HAL_NVIC_EnableIRQ)
    HAL_NVIC_SetPriority                     0x0800164d   Thumb Code    60  stm32f4xx_hal_cortex.o(i.HAL_NVIC_SetPriority)
    HAL_NVIC_SetPriorityGrouping             0x0800168d   Thumb Code    26  stm32f4xx_hal_cortex.o(i.HAL_NVIC_SetPriorityGrouping)
    HAL_RCC_ClockConfig                      0x080016b1   Thumb Code   288  stm32f4xx_hal_rcc.o(i.HAL_RCC_ClockConfig)
    HAL_RCC_GetClockConfig                   0x080017e5   Thumb Code    54  stm32f4xx_hal_rcc.o(i.HAL_RCC_GetClockConfig)
    HAL_RCC_GetPCLK1Freq                     0x08001825   Thumb Code    20  stm32f4xx_hal_rcc.o(i.HAL_RCC_GetPCLK1Freq)
    HAL_RCC_GetPCLK2Freq                     0x08001845   Thumb Code    20  stm32f4xx_hal_rcc.o(i.HAL_RCC_GetPCLK2Freq)
    HAL_RCC_GetSysClockFreq                  0x08001865   Thumb Code    88  stm32f4xx_hal_rcc.o(i.HAL_RCC_GetSysClockFreq)
    HAL_RCC_OscConfig                        0x080018c9   Thumb Code   840  stm32f4xx_hal_rcc.o(i.HAL_RCC_OscConfig)
    HAL_TIMEx_BreakCallback                  0x08001c25   Thumb Code     2  stm32f4xx_hal_tim_ex.o(i.HAL_TIMEx_BreakCallback)
    HAL_TIMEx_CommutCallback                 0x08001c27   Thumb Code     2  stm32f4xx_hal_tim_ex.o(i.HAL_TIMEx_CommutCallback)
    HAL_TIM_Base_Init                        0x08001c29   Thumb Code    54  stm32f4xx_hal_tim.o(i.HAL_TIM_Base_Init)
    HAL_TIM_Base_MspInit                     0x08001c61   Thumb Code    86  stm32f4xx_hal_msp.o(i.HAL_TIM_Base_MspInit)
    HAL_TIM_Base_Start_IT                    0x08001cc5   Thumb Code    34  stm32f4xx_hal_tim.o(i.HAL_TIM_Base_Start_IT)
    HAL_TIM_IC_CaptureCallback               0x08001ce7   Thumb Code     2  stm32f4xx_hal_tim.o(i.HAL_TIM_IC_CaptureCallback)
    HAL_TIM_IRQHandler                       0x08001ce9   Thumb Code   358  stm32f4xx_hal_tim.o(i.HAL_TIM_IRQHandler)
    HAL_TIM_MspPostInit                      0x08001e51   Thumb Code    96  stm32f4xx_hal_msp.o(i.HAL_TIM_MspPostInit)
    HAL_TIM_OC_DelayElapsedCallback          0x08001ec1   Thumb Code     2  stm32f4xx_hal_tim.o(i.HAL_TIM_OC_DelayElapsedCallback)
    HAL_TIM_PWM_ConfigChannel                0x08001ec3   Thumb Code   208  stm32f4xx_hal_tim.o(i.HAL_TIM_PWM_ConfigChannel)
    HAL_TIM_PWM_Init                         0x08001f93   Thumb Code    54  stm32f4xx_hal_tim.o(i.HAL_TIM_PWM_Init)
    HAL_TIM_PWM_MspInit                      0x08001fc9   Thumb Code     2  stm32f4xx_hal_tim.o(i.HAL_TIM_PWM_MspInit)
    HAL_TIM_PWM_PulseFinishedCallback        0x08001fcb   Thumb Code     2  stm32f4xx_hal_tim.o(i.HAL_TIM_PWM_PulseFinishedCallback)
    HAL_TIM_PWM_Start                        0x08001fcd   Thumb Code    58  stm32f4xx_hal_tim.o(i.HAL_TIM_PWM_Start)
    HAL_TIM_PWM_Stop                         0x08002011   Thumb Code    84  stm32f4xx_hal_tim.o(i.HAL_TIM_PWM_Stop)
    HAL_TIM_PeriodElapsedCallback            0x0800206d   Thumb Code   212  callbacks.o(i.HAL_TIM_PeriodElapsedCallback)
    HAL_TIM_TriggerCallback                  0x08002159   Thumb Code     2  stm32f4xx_hal_tim.o(i.HAL_TIM_TriggerCallback)
    HAL_UART_AbortReceive                    0x0800215b   Thumb Code    88  stm32f4xx_hal_uart.o(i.HAL_UART_AbortReceive)
    HAL_UART_ErrorCallback                   0x080021b3   Thumb Code     2  stm32f4xx_hal_uart.o(i.HAL_UART_ErrorCallback)
    HAL_UART_IRQHandler                      0x080021b5   Thumb Code   270  stm32f4xx_hal_uart.o(i.HAL_UART_IRQHandler)
    HAL_UART_Init                            0x080022c9   Thumb Code    98  stm32f4xx_hal_uart.o(i.HAL_UART_Init)
    HAL_UART_MspInit                         0x0800232d   Thumb Code   648  stm32f4xx_hal_msp.o(i.HAL_UART_MspInit)
    HAL_UART_Receive_DMA                     0x080025e9   Thumb Code   138  stm32f4xx_hal_uart.o(i.HAL_UART_Receive_DMA)
    HAL_UART_RxCpltCallback                  0x08002681   Thumb Code   126  callbacks.o(i.HAL_UART_RxCpltCallback)
    HAL_UART_RxHalfCpltCallback              0x08002721   Thumb Code     2  stm32f4xx_hal_uart.o(i.HAL_UART_RxHalfCpltCallback)
    HAL_UART_Transmit                        0x08002723   Thumb Code   186  stm32f4xx_hal_uart.o(i.HAL_UART_Transmit)
    HAL_UART_Transmit_DMA                    0x080027dd   Thumb Code   114  stm32f4xx_hal_uart.o(i.HAL_UART_Transmit_DMA)
    HAL_UART_TxCpltCallback                  0x0800285d   Thumb Code    44  callbacks.o(i.HAL_UART_TxCpltCallback)
    HAL_UART_TxHalfCpltCallback              0x08002895   Thumb Code    86  callbacks.o(i.HAL_UART_TxHalfCpltCallback)
    HardFault_Handler                        0x08002905   Thumb Code     2  stm32f4xx_it.o(i.HardFault_Handler)
    MemManage_Handler                        0x08002ba1   Thumb Code     2  stm32f4xx_it.o(i.MemManage_Handler)
    NMI_Handler                              0x08002ba3   Thumb Code     2  stm32f4xx_it.o(i.NMI_Handler)
    STEPPER_Init                             0x08002ba5   Thumb Code    80  stepper.o(i.STEPPER_Init)
    STEPPER_MoveRelative                     0x08002c09   Thumb Code   176  stepper.o(i.STEPPER_MoveRelative)
    StartDefaultTask                         0x08002cc9   Thumb Code   324  main.o(i.StartDefaultTask)
    StartStepperTask                         0x08002e6d   Thumb Code   200  freertos.o(i.StartStepperTask)
    StartTempcTask                           0x08002f71   Thumb Code   608  freertos.o(i.StartTempcTask)
    SysTick_Handler                          0x08003221   Thumb Code    38  port.o(i.SysTick_Handler)
    SystemClock_Config                       0x0800324d   Thumb Code   116  main.o(i.SystemClock_Config)
    SystemInit                               0x080032c9   Thumb Code    22  system_stm32f4xx.o(i.SystemInit)
    TEMPC_GetTemperature                     0x080032e5   Thumb Code    90  tempc.o(i.TEMPC_GetTemperature)
    TEMPC_SendCommand                        0x08003375   Thumb Code    58  tempc.o(i.TEMPC_SendCommand)
    TEMPC_SetTemperature                     0x080033d1   Thumb Code   104  tempc.o(i.TEMPC_SetTemperature)
    TEMPC_Start                              0x0800345d   Thumb Code    48  tempc.o(i.TEMPC_Start)
    TEMPC_Stop                               0x080034a5   Thumb Code    48  tempc.o(i.TEMPC_Stop)
    TIM6_DAC_IRQHandler                      0x080034ed   Thumb Code     6  stm32f4xx_it.o(i.TIM6_DAC_IRQHandler)
    TIM8_TRG_COM_TIM14_IRQHandler            0x080034f9   Thumb Code     6  stm32f4xx_it.o(i.TIM8_TRG_COM_TIM14_IRQHandler)
    TIM8_UP_TIM13_IRQHandler                 0x08003505   Thumb Code     6  stm32f4xx_it.o(i.TIM8_UP_TIM13_IRQHandler)
    TIM_Base_SetConfig                       0x08003511   Thumb Code   156  stm32f4xx_hal_tim.o(i.TIM_Base_SetConfig)
    TIM_CCxChannelCmd                        0x080035d9   Thumb Code    26  stm32f4xx_hal_tim.o(i.TIM_CCxChannelCmd)
    TIM_OC2_SetConfig                        0x08003655   Thumb Code    98  stm32f4xx_hal_tim.o(i.TIM_OC2_SetConfig)
    UART4_IRQHandler                         0x08003779   Thumb Code    46  stm32f4xx_it.o(i.UART4_IRQHandler)
    UART5_IRQHandler                         0x080037ad   Thumb Code    46  stm32f4xx_it.o(i.UART5_IRQHandler)
    USART3_IRQHandler                        0x08003b6d   Thumb Code    46  stm32f4xx_it.o(i.USART3_IRQHandler)
    UsageFault_Handler                       0x08003ba1   Thumb Code     2  stm32f4xx_it.o(i.UsageFault_Handler)
    __0snprintf                              0x08003ba5   Thumb Code    36  printfa.o(i.__0snprintf)
    __1snprintf                              0x08003ba5   Thumb Code     0  printfa.o(i.__0snprintf)
    __2snprintf                              0x08003ba5   Thumb Code     0  printfa.o(i.__0snprintf)
    __c89snprintf                            0x08003ba5   Thumb Code     0  printfa.o(i.__0snprintf)
    snprintf                                 0x08003ba5   Thumb Code     0  printfa.o(i.__0snprintf)
    __0vsnprintf                             0x08003bcd   Thumb Code    32  printfa.o(i.__0vsnprintf)
    __1vsnprintf                             0x08003bcd   Thumb Code     0  printfa.o(i.__0vsnprintf)
    __2vsnprintf                             0x08003bcd   Thumb Code     0  printfa.o(i.__0vsnprintf)
    __c89vsnprintf                           0x08003bcd   Thumb Code     0  printfa.o(i.__0vsnprintf)
    vsnprintf                                0x08003bcd   Thumb Code     0  printfa.o(i.__0vsnprintf)
    __hardfp_strtof                          0x08003c11   Thumb Code    42  strtof.o(i.__hardfp_strtof)
    __scatterload_copy                       0x08003c49   Thumb Code    14  handlers.o(i.__scatterload_copy)
    __scatterload_null                       0x08003c57   Thumb Code     2  handlers.o(i.__scatterload_null)
    __scatterload_zeroinit                   0x08003c59   Thumb Code    14  handlers.o(i.__scatterload_zeroinit)
    _is_digit                                0x08003dcd   Thumb Code    14  scanf_fp.o(i._is_digit)
    error                                    0x08004521   Thumb Code    56  print.o(i.error)
    get_fluor_data                           0x08004565   Thumb Code   100  fluor.o(i.get_fluor_data)
    main                                     0x0800461d   Thumb Code   272  main.o(i.main)
    osKernelInitialize                       0x08004765   Thumb Code    48  cmsis_os2.o(i.osKernelInitialize)
    osKernelStart                            0x08004799   Thumb Code    56  cmsis_os2.o(i.osKernelStart)
    osThreadNew                              0x080047d5   Thumb Code   156  cmsis_os2.o(i.osThreadNew)
    print_uart                               0x08004875   Thumb Code    88  print.o(i.print_uart)
    pvPortMalloc                             0x08005069   Thumb Code   210  heap_4.o(i.pvPortMalloc)
    pvTaskIncrementMutexHeldCount            0x08005141   Thumb Code    18  tasks.o(i.pvTaskIncrementMutexHeldCount)
    pxPortInitialiseStack                    0x08005159   Thumb Code    40  port.o(i.pxPortInitialiseStack)
    uxListRemove                             0x08005201   Thumb Code    38  list.o(i.uxListRemove)
    vApplicationGetIdleTaskMemory            0x08005229   Thumb Code    16  cmsis_os2.o(i.vApplicationGetIdleTaskMemory)
    vApplicationGetTimerTaskMemory           0x0800523d   Thumb Code    18  cmsis_os2.o(i.vApplicationGetTimerTaskMemory)
    vListInitialise                          0x08005255   Thumb Code    22  list.o(i.vListInitialise)
    vListInitialiseItem                      0x0800526b   Thumb Code     6  list.o(i.vListInitialiseItem)
    vListInsert                              0x08005271   Thumb Code    48  list.o(i.vListInsert)
    vListInsertEnd                           0x080052a1   Thumb Code    24  list.o(i.vListInsertEnd)
    vPortEnterCritical                       0x080052b9   Thumb Code    54  port.o(i.vPortEnterCritical)
    vPortExitCritical                        0x080052f9   Thumb Code    34  port.o(i.vPortExitCritical)
    vPortFree                                0x08005321   Thumb Code    88  heap_4.o(i.vPortFree)
    vPortSetupTimerInterrupt                 0x0800537d   Thumb Code    32  port.o(i.vPortSetupTimerInterrupt)
    vPortValidateInterruptPriority           0x080053a1   Thumb Code    74  port.o(i.vPortValidateInterruptPriority)
    vQueueAddToRegistry                      0x080053f5   Thumb Code    34  queue.o(i.vQueueAddToRegistry)
    vQueueWaitForMessageRestricted           0x0800541d   Thumb Code    68  queue.o(i.vQueueWaitForMessageRestricted)
    vTaskDelay                               0x08005461   Thumb Code    66  tasks.o(i.vTaskDelay)
    vTaskDelayUntil                          0x080054ad   Thumb Code   132  tasks.o(i.vTaskDelayUntil)
    vTaskDelete                              0x08005539   Thumb Code   130  tasks.o(i.vTaskDelete)
    vTaskInternalSetTimeOutState             0x080055c9   Thumb Code    12  tasks.o(i.vTaskInternalSetTimeOutState)
    vTaskMissedYield                         0x080055d9   Thumb Code     8  tasks.o(i.vTaskMissedYield)
    vTaskPlaceOnEventList                    0x080055e5   Thumb Code    44  tasks.o(i.vTaskPlaceOnEventList)
    vTaskPlaceOnEventListRestricted          0x08005615   Thumb Code    52  tasks.o(i.vTaskPlaceOnEventListRestricted)
    vTaskPriorityDisinheritAfterTimeout      0x0800564d   Thumb Code   134  tasks.o(i.vTaskPriorityDisinheritAfterTimeout)
    vTaskStartScheduler                      0x080056dd   Thumb Code   118  tasks.o(i.vTaskStartScheduler)
    vTaskSuspendAll                          0x08005765   Thumb Code    10  tasks.o(i.vTaskSuspendAll)
    vTaskSwitchContext                       0x08005775   Thumb Code    90  tasks.o(i.vTaskSwitchContext)
    xPortStartScheduler                      0x080057d9   Thumb Code   222  port.o(i.xPortStartScheduler)
    xQueueGenericCreate                      0x080058cd   Thumb Code    72  queue.o(i.xQueueGenericCreate)
    xQueueGenericCreateStatic                0x08005915   Thumb Code   102  queue.o(i.xQueueGenericCreateStatic)
    xQueueGenericReset                       0x0800597d   Thumb Code   132  queue.o(i.xQueueGenericReset)
    xQueueGenericSend                        0x08005a05   Thumb Code   346  queue.o(i.xQueueGenericSend)
    xQueueGenericSendFromISR                 0x08005b65   Thumb Code   188  queue.o(i.xQueueGenericSendFromISR)
    xQueueGiveFromISR                        0x08005c21   Thumb Code   156  queue.o(i.xQueueGiveFromISR)
    xQueueReceive                            0x08005cbd   Thumb Code   308  queue.o(i.xQueueReceive)
    xQueueSemaphoreTake                      0x08005df5   Thumb Code   372  queue.o(i.xQueueSemaphoreTake)
    xTaskCheckForTimeOut                     0x08005f6d   Thumb Code   112  tasks.o(i.xTaskCheckForTimeOut)
    xTaskCreate                              0x08005fe1   Thumb Code    90  tasks.o(i.xTaskCreate)
    xTaskCreateStatic                        0x0800603b   Thumb Code    86  tasks.o(i.xTaskCreateStatic)
    xTaskGetSchedulerState                   0x08006091   Thumb Code    22  tasks.o(i.xTaskGetSchedulerState)
    xTaskGetTickCount                        0x080060ad   Thumb Code     6  tasks.o(i.xTaskGetTickCount)
    xTaskIncrementTick                       0x080060b9   Thumb Code   190  tasks.o(i.xTaskIncrementTick)
    xTaskPriorityDisinherit                  0x08006181   Thumb Code   118  tasks.o(i.xTaskPriorityDisinherit)
    xTaskPriorityInherit                     0x08006201   Thumb Code   112  tasks.o(i.xTaskPriorityInherit)
    xTaskRemoveFromEventList                 0x08006279   Thumb Code    98  tasks.o(i.xTaskRemoveFromEventList)
    xTaskResumeAll                           0x080062e9   Thumb Code   182  tasks.o(i.xTaskResumeAll)
    xTimerCreateTimerTask                    0x080063ad   Thumb Code    78  timers.o(i.xTimerCreateTimerTask)
    xTimerGenericCommand                     0x0800640d   Thumb Code    98  timers.o(i.xTimerGenericCommand)
    defaultTask_attributes                   0x08006474   Data          36  main.o(.constdata)
    tempcTask_attributes                     0x08006498   Data          36  freertos.o(.constdata)
    AHBPrescTable                            0x080064c4   Data          16  system_stm32f4xx.o(.constdata)
    APBPrescTable                            0x080064d4   Data           8  system_stm32f4xx.o(.constdata)
    __ctype_categories                       0x080064dc   Data          64  ctype_c.o(.constdata)
    Region$$Table$$Base                      0x08006534   Number         0  anon$$obj.o(Region$$Table)
    Region$$Table$$Limit                     0x08006554   Number         0  anon$$obj.o(Region$$Table)
    FluorDataReady                           0x20000000   Data           1  main.o(.data)
    defaultTaskHandle                        0x20000004   Data           4  main.o(.data)
    ReceiveBufferBusyBiSemHandle             0x20000008   Data           4  main.o(.data)
    StepperBusyBiSemHandle                   0x2000000c   Data           4  main.o(.data)
    hcrc                                     0x20000010   Data           8  main.o(.data)
    REALTEMP                                 0x20000018   Data           8  main.o(.data)
    TempcMessageQueueHandle                  0x20000024   Data           4  freertos.o(.data)
    StepperMessageQueueHandle                0x20000028   Data           4  freertos.o(.data)
    tempcTaskHandle                          0x2000002c   Data           4  freertos.o(.data)
    stepperTaskHandle                        0x20000030   Data           4  freertos.o(.data)
    uwTickFreq                               0x20000034   Data           1  stm32f4xx_hal.o(.data)
    uwTickPrio                               0x20000038   Data           4  stm32f4xx_hal.o(.data)
    uwTick                                   0x2000003c   Data           4  stm32f4xx_hal.o(.data)
    SystemCoreClock                          0x20000040   Data           4  system_stm32f4xx.o(.data)
    pxCurrentTCB                             0x20000044   Data           4  tasks.o(.data)
    PrintBusyBiSemHandle                     0x200000cc   Data           4  print.o(.data)
    TempcRepliedBiSemHandle                  0x200000d0   Data           4  tempc.o(.data)
    FluorGotBiSemHandle                      0x200000d8   Data           4  fluor.o(.data)
    htim13                                   0x200000fc   Data          64  main.o(.bss)
    htim14                                   0x2000013c   Data          64  main.o(.bss)
    huart4                                   0x2000017c   Data          64  main.o(.bss)
    huart5                                   0x200001bc   Data          64  main.o(.bss)
    huart3                                   0x200001fc   Data          64  main.o(.bss)
    hdma_uart4_rx                            0x2000023c   Data          96  main.o(.bss)
    hdma_uart4_tx                            0x2000029c   Data          96  main.o(.bss)
    hdma_uart5_tx                            0x200002fc   Data          96  main.o(.bss)
    hdma_uart5_rx                            0x2000035c   Data          96  main.o(.bss)
    hdma_usart3_tx                           0x200003bc   Data          96  main.o(.bss)
    hdma_usart3_rx                           0x2000041c   Data          96  main.o(.bss)
    fluor_handle                             0x200004ac   Data         128  freertos.o(.bss)
    htim6                                    0x2000052c   Data          64  stm32f4xx_hal_timebase_tim.o(.bss)
    xQueueRegistry                           0x2000056c   Data          64  queue.o(.bss)
    TransmitBuffer                           0x20004e40   Data          64  print.o(.bss)
    hstpr1                                   0x20004e80   Data          28  stepper.o(.bss)
    hstpr2                                   0x20004e9c   Data          28  stepper.o(.bss)
    TEMPC_ReceiveBuffer                      0x20004eb8   Data          64  tempc.o(.bss)
    FLUOR_ReceiveBuffer                      0x20004f18   Data          32  fluor.o(.bss)
    __initial_sp                             0x20005338   Data           0  startup_stm32f407xx.o(STACK)



==============================================================================

Memory Map of the image

  Image Entry point : 0x08000189

  Load Region LR_IROM1 (Base: 0x08000000, Size: 0x00006630, Max: 0x00100000, ABSOLUTE)

    Execution Region ER_IROM1 (Exec base: 0x08000000, Load base: 0x08000000, Size: 0x00006554, Max: 0x00100000, ABSOLUTE)

    Exec Addr    Load Addr    Size         Type   Attr      Idx    E Section Name        Object

    0x08000000   0x08000000   0x00000188   Data   RO            3    RESET               startup_stm32f407xx.o
    0x08000188   0x08000188   0x00000000   Code   RO         5381  * .ARM.Collect$$$$00000000  mc_w.l(entry.o)
    0x08000188   0x08000188   0x00000004   Code   RO         5659    .ARM.Collect$$$$00000001  mc_w.l(entry2.o)
    0x0800018c   0x0800018c   0x00000004   Code   RO         5662    .ARM.Collect$$$$00000004  mc_w.l(entry5.o)
    0x08000190   0x08000190   0x00000000   Code   RO         5664    .ARM.Collect$$$$00000008  mc_w.l(entry7b.o)
    0x08000190   0x08000190   0x00000000   Code   RO         5666    .ARM.Collect$$$$0000000A  mc_w.l(entry8b.o)
    0x08000190   0x08000190   0x00000008   Code   RO         5667    .ARM.Collect$$$$0000000B  mc_w.l(entry9a.o)
    0x08000198   0x08000198   0x00000000   Code   RO         5669    .ARM.Collect$$$$0000000D  mc_w.l(entry10a.o)
    0x08000198   0x08000198   0x00000000   Code   RO         5671    .ARM.Collect$$$$0000000F  mc_w.l(entry11a.o)
    0x08000198   0x08000198   0x00000004   Code   RO         5660    .ARM.Collect$$$$00002712  mc_w.l(entry2.o)
    0x0800019c   0x0800019c   0x000000be   Code   RO         4881    .emb_text           port.o
    0x0800025a   0x0800025a   0x00000002   PAD
    0x0800025c   0x0800025c   0x00000024   Code   RO            4    .text               startup_stm32f407xx.o
    0x08000280   0x08000280   0x00000062   Code   RO         5384    .text               mc_w.l(uldiv.o)
    0x080002e2   0x080002e2   0x00000024   Code   RO         5386    .text               mc_w.l(memcpya.o)
    0x08000306   0x08000306   0x00000024   Code   RO         5390    .text               mc_w.l(memseta.o)
    0x0800032a   0x0800032a   0x00000024   Code   RO         5392    .text               mc_w.l(strstr.o)
    0x0800034e   0x0800034e   0x00000026   Code   RO         5657    .text               mf_w.l(f2d.o)
    0x08000374   0x08000374   0x0000002c   Code   RO         5676    .text               mc_w.l(uidiv.o)
    0x080003a0   0x080003a0   0x0000001e   Code   RO         5678    .text               mc_w.l(llshl.o)
    0x080003be   0x080003be   0x00000020   Code   RO         5680    .text               mc_w.l(llushr.o)
    0x080003de   0x080003de   0x00000002   PAD
    0x080003e0   0x080003e0   0x0000009c   Code   RO         5682    .text               mc_w.l(strtod.o)
    0x0800047c   0x0800047c   0x00000000   Code   RO         5684    .text               mc_w.l(iusefp.o)
    0x0800047c   0x0800047c   0x0000014e   Code   RO         5685    .text               mf_w.l(dadd.o)
    0x080005ca   0x080005ca   0x000000e4   Code   RO         5687    .text               mf_w.l(dmul.o)
    0x080006ae   0x080006ae   0x000000de   Code   RO         5689    .text               mf_w.l(ddiv.o)
    0x0800078c   0x0800078c   0x00000030   Code   RO         5691    .text               mf_w.l(dfixul.o)
    0x080007bc   0x080007bc   0x00000030   Code   RO         5693    .text               mf_w.l(cdrcmple.o)
    0x080007ec   0x080007ec   0x00000038   Code   RO         5695    .text               mf_w.l(d2f.o)
    0x08000824   0x08000824   0x00000024   Code   RO         5697    .text               mc_w.l(init.o)
    0x08000848   0x08000848   0x00000024   Code   RO         5700    .text               mc_w.l(llsshr.o)
    0x0800086c   0x0800086c   0x0000000a   Code   RO         5702    .text               mc_w.l(isspace_c.o)
    0x08000876   0x08000876   0x00000002   PAD
    0x08000878   0x08000878   0x00000338   Code   RO         5704    .text               mc_w.l(scanf_fp.o)
    0x08000bb0   0x08000bb0   0x00000040   Code   RO         5708    .text               mc_w.l(_sgetc.o)
    0x08000bf0   0x08000bf0   0x0000006e   Code   RO         5711    .text               mf_w.l(fepilogue.o)
    0x08000c5e   0x08000c5e   0x000000ba   Code   RO         5713    .text               mf_w.l(depilogue.o)
    0x08000d18   0x08000d18   0x00000028   Code   RO         5715    .text               mc_w.l(ctype_c.o)
    0x08000d40   0x08000d40   0x00000018   Code   RO         5718    .text               mf_w.l(dfltul.o)
    0x08000d58   0x08000d58   0x00000002   Code   RO          315    i.BusFault_Handler  stm32f4xx_it.o
    0x08000d5a   0x08000d5a   0x00000002   PAD
    0x08000d5c   0x08000d5c   0x0000003c   Code   RO         5269    i.CheckCommand      tempc.o
    0x08000d98   0x08000d98   0x0000000c   Code   RO          316    i.DMA1_Stream0_IRQHandler  stm32f4xx_it.o
    0x08000da4   0x08000da4   0x0000000c   Code   RO          317    i.DMA1_Stream1_IRQHandler  stm32f4xx_it.o
    0x08000db0   0x08000db0   0x0000000c   Code   RO          318    i.DMA1_Stream2_IRQHandler  stm32f4xx_it.o
    0x08000dbc   0x08000dbc   0x0000000c   Code   RO          319    i.DMA1_Stream3_IRQHandler  stm32f4xx_it.o
    0x08000dc8   0x08000dc8   0x0000000c   Code   RO          320    i.DMA1_Stream4_IRQHandler  stm32f4xx_it.o
    0x08000dd4   0x08000dd4   0x0000000c   Code   RO          321    i.DMA1_Stream7_IRQHandler  stm32f4xx_it.o
    0x08000de0   0x08000de0   0x00000028   Code   RO         1349    i.DMA_CalcBaseAndBitshift  stm32f4xx_hal_dma.o
    0x08000e08   0x08000e08   0x00000054   Code   RO         1350    i.DMA_CheckFifoParam  stm32f4xx_hal_dma.o
    0x08000e5c   0x08000e5c   0x00000028   Code   RO         1351    i.DMA_SetConfig     stm32f4xx_hal_dma.o
    0x08000e84   0x08000e84   0x00000002   Code   RO          322    i.DebugMon_Handler  stm32f4xx_it.o
    0x08000e86   0x08000e86   0x00000026   Code   RO          323    i.EXTI15_10_IRQHandler  stm32f4xx_it.o
    0x08000eac   0x08000eac   0x00000004   Code   RO           13    i.Error_Handler     main.o
    0x08000eb0   0x08000eb0   0x00000022   Code   RO          834    i.HAL_CRC_Init      stm32f4xx_hal_crc.o
    0x08000ed2   0x08000ed2   0x00000002   PAD
    0x08000ed4   0x08000ed4   0x00000028   Code   RO          592    i.HAL_CRC_MspInit   stm32f4xx_hal_msp.o
    0x08000efc   0x08000efc   0x0000008e   Code   RO         1352    i.HAL_DMA_Abort     stm32f4xx_hal_dma.o
    0x08000f8a   0x08000f8a   0x00000024   Code   RO         1353    i.HAL_DMA_Abort_IT  stm32f4xx_hal_dma.o
    0x08000fae   0x08000fae   0x00000004   Code   RO         1355    i.HAL_DMA_GetError  stm32f4xx_hal_dma.o
    0x08000fb2   0x08000fb2   0x00000002   PAD
    0x08000fb4   0x08000fb4   0x000001a0   Code   RO         1357    i.HAL_DMA_IRQHandler  stm32f4xx_hal_dma.o
    0x08001154   0x08001154   0x000000d4   Code   RO         1358    i.HAL_DMA_Init      stm32f4xx_hal_dma.o
    0x08001228   0x08001228   0x0000006e   Code   RO         1362    i.HAL_DMA_Start_IT  stm32f4xx_hal_dma.o
    0x08001296   0x08001296   0x00000002   PAD
    0x08001298   0x08001298   0x00000098   Code   RO         4961    i.HAL_GPIO_EXTI_Callback  callbacks.o
    0x08001330   0x08001330   0x00000018   Code   RO         1244    i.HAL_GPIO_EXTI_IRQHandler  stm32f4xx_hal_gpio.o
    0x08001348   0x08001348   0x000001b8   Code   RO         1245    i.HAL_GPIO_Init     stm32f4xx_hal_gpio.o
    0x08001500   0x08001500   0x0000000a   Code   RO         1247    i.HAL_GPIO_ReadPin  stm32f4xx_hal_gpio.o
    0x0800150a   0x0800150a   0x0000000a   Code   RO         1249    i.HAL_GPIO_WritePin  stm32f4xx_hal_gpio.o
    0x08001514   0x08001514   0x0000000c   Code   RO         1777    i.HAL_GetTick       stm32f4xx_hal.o
    0x08001520   0x08001520   0x00000010   Code   RO         1783    i.HAL_IncTick       stm32f4xx_hal.o
    0x08001530   0x08001530   0x00000034   Code   RO         1784    i.HAL_Init          stm32f4xx_hal.o
    0x08001564   0x08001564   0x00000074   Code   RO          791    i.HAL_InitTick      stm32f4xx_hal_timebase_tim.o
    0x080015d8   0x080015d8   0x00000038   Code   RO          593    i.HAL_MspInit       stm32f4xx_hal_msp.o
    0x08001610   0x08001610   0x00000022   Code   RO         1633    i.HAL_NVIC_DisableIRQ  stm32f4xx_hal_cortex.o
    0x08001632   0x08001632   0x0000001a   Code   RO         1634    i.HAL_NVIC_EnableIRQ  stm32f4xx_hal_cortex.o
    0x0800164c   0x0800164c   0x00000040   Code   RO         1640    i.HAL_NVIC_SetPriority  stm32f4xx_hal_cortex.o
    0x0800168c   0x0800168c   0x00000024   Code   RO         1641    i.HAL_NVIC_SetPriorityGrouping  stm32f4xx_hal_cortex.o
    0x080016b0   0x080016b0   0x00000134   Code   RO          891    i.HAL_RCC_ClockConfig  stm32f4xx_hal_rcc.o
    0x080017e4   0x080017e4   0x00000040   Code   RO          895    i.HAL_RCC_GetClockConfig  stm32f4xx_hal_rcc.o
    0x08001824   0x08001824   0x00000020   Code   RO          898    i.HAL_RCC_GetPCLK1Freq  stm32f4xx_hal_rcc.o
    0x08001844   0x08001844   0x00000020   Code   RO          899    i.HAL_RCC_GetPCLK2Freq  stm32f4xx_hal_rcc.o
    0x08001864   0x08001864   0x00000064   Code   RO          900    i.HAL_RCC_GetSysClockFreq  stm32f4xx_hal_rcc.o
    0x080018c8   0x080018c8   0x0000035c   Code   RO          903    i.HAL_RCC_OscConfig  stm32f4xx_hal_rcc.o
    0x08001c24   0x08001c24   0x00000002   Code   RO         2699    i.HAL_TIMEx_BreakCallback  stm32f4xx_hal_tim_ex.o
    0x08001c26   0x08001c26   0x00000002   Code   RO         2700    i.HAL_TIMEx_CommutCallback  stm32f4xx_hal_tim_ex.o
    0x08001c28   0x08001c28   0x00000036   Code   RO         2024    i.HAL_TIM_Base_Init  stm32f4xx_hal_tim.o
    0x08001c5e   0x08001c5e   0x00000002   PAD
    0x08001c60   0x08001c60   0x00000064   Code   RO          595    i.HAL_TIM_Base_MspInit  stm32f4xx_hal_msp.o
    0x08001cc4   0x08001cc4   0x00000022   Code   RO         2029    i.HAL_TIM_Base_Start_IT  stm32f4xx_hal_tim.o
    0x08001ce6   0x08001ce6   0x00000002   Code   RO         2053    i.HAL_TIM_IC_CaptureCallback  stm32f4xx_hal_tim.o
    0x08001ce8   0x08001ce8   0x00000166   Code   RO         2067    i.HAL_TIM_IRQHandler  stm32f4xx_hal_tim.o
    0x08001e4e   0x08001e4e   0x00000002   PAD
    0x08001e50   0x08001e50   0x00000070   Code   RO          596    i.HAL_TIM_MspPostInit  stm32f4xx_hal_msp.o
    0x08001ec0   0x08001ec0   0x00000002   Code   RO         2070    i.HAL_TIM_OC_DelayElapsedCallback  stm32f4xx_hal_tim.o
    0x08001ec2   0x08001ec2   0x000000d0   Code   RO         2091    i.HAL_TIM_PWM_ConfigChannel  stm32f4xx_hal_tim.o
    0x08001f92   0x08001f92   0x00000036   Code   RO         2094    i.HAL_TIM_PWM_Init  stm32f4xx_hal_tim.o
    0x08001fc8   0x08001fc8   0x00000002   Code   RO         2096    i.HAL_TIM_PWM_MspInit  stm32f4xx_hal_tim.o
    0x08001fca   0x08001fca   0x00000002   Code   RO         2097    i.HAL_TIM_PWM_PulseFinishedCallback  stm32f4xx_hal_tim.o
    0x08001fcc   0x08001fcc   0x00000044   Code   RO         2099    i.HAL_TIM_PWM_Start  stm32f4xx_hal_tim.o
    0x08002010   0x08002010   0x0000005c   Code   RO         2102    i.HAL_TIM_PWM_Stop  stm32f4xx_hal_tim.o
    0x0800206c   0x0800206c   0x000000ec   Code   RO         4962    i.HAL_TIM_PeriodElapsedCallback  callbacks.o
    0x08002158   0x08002158   0x00000002   Code   RO         2110    i.HAL_TIM_TriggerCallback  stm32f4xx_hal_tim.o
    0x0800215a   0x0800215a   0x00000058   Code   RO         2960    i.HAL_UART_AbortReceive  stm32f4xx_hal_uart.o
    0x080021b2   0x080021b2   0x00000002   Code   RO         2971    i.HAL_UART_ErrorCallback  stm32f4xx_hal_uart.o
    0x080021b4   0x080021b4   0x00000114   Code   RO         2974    i.HAL_UART_IRQHandler  stm32f4xx_hal_uart.o
    0x080022c8   0x080022c8   0x00000062   Code   RO         2975    i.HAL_UART_Init     stm32f4xx_hal_uart.o
    0x0800232a   0x0800232a   0x00000002   PAD
    0x0800232c   0x0800232c   0x000002bc   Code   RO          598    i.HAL_UART_MspInit  stm32f4xx_hal_msp.o
    0x080025e8   0x080025e8   0x00000098   Code   RO         2979    i.HAL_UART_Receive_DMA  stm32f4xx_hal_uart.o
    0x08002680   0x08002680   0x000000a0   Code   RO         4963    i.HAL_UART_RxCpltCallback  callbacks.o
    0x08002720   0x08002720   0x00000002   Code   RO         2982    i.HAL_UART_RxHalfCpltCallback  stm32f4xx_hal_uart.o
    0x08002722   0x08002722   0x000000ba   Code   RO         2983    i.HAL_UART_Transmit  stm32f4xx_hal_uart.o
    0x080027dc   0x080027dc   0x00000080   Code   RO         2984    i.HAL_UART_Transmit_DMA  stm32f4xx_hal_uart.o
    0x0800285c   0x0800285c   0x00000038   Code   RO         4964    i.HAL_UART_TxCpltCallback  callbacks.o
    0x08002894   0x08002894   0x00000070   Code   RO         4965    i.HAL_UART_TxHalfCpltCallback  callbacks.o
    0x08002904   0x08002904   0x00000002   Code   RO          324    i.HardFault_Handler  stm32f4xx_it.o
    0x08002906   0x08002906   0x00000002   PAD
    0x08002908   0x08002908   0x0000007c   Code   RO           14    i.MX_DMA_Init       main.o
    0x08002984   0x08002984   0x00000144   Code   RO           15    i.MX_GPIO_Init      main.o
    0x08002ac8   0x08002ac8   0x0000006c   Code   RO           16    i.MX_TIM13_Init     main.o
    0x08002b34   0x08002b34   0x0000006c   Code   RO           17    i.MX_TIM14_Init     main.o
    0x08002ba0   0x08002ba0   0x00000002   Code   RO          325    i.MemManage_Handler  stm32f4xx_it.o
    0x08002ba2   0x08002ba2   0x00000002   Code   RO          326    i.NMI_Handler       stm32f4xx_it.o
    0x08002ba4   0x08002ba4   0x00000064   Code   RO         5080    i.STEPPER_Init      stepper.o
    0x08002c08   0x08002c08   0x000000c0   Code   RO         5081    i.STEPPER_MoveRelative  stepper.o
    0x08002cc8   0x08002cc8   0x000001a4   Code   RO           18    i.StartDefaultTask  main.o
    0x08002e6c   0x08002e6c   0x00000104   Code   RO          248    i.StartStepperTask  freertos.o
    0x08002f70   0x08002f70   0x000002b0   Code   RO          249    i.StartTempcTask    freertos.o
    0x08003220   0x08003220   0x0000002c   Code   RO         4882    i.SysTick_Handler   port.o
    0x0800324c   0x0800324c   0x0000007c   Code   RO           19    i.SystemClock_Config  main.o
    0x080032c8   0x080032c8   0x0000001c   Code   RO         3277    i.SystemInit        system_stm32f4xx.o
    0x080032e4   0x080032e4   0x00000090   Code   RO         5270    i.TEMPC_GetTemperature  tempc.o
    0x08003374   0x08003374   0x0000005c   Code   RO         5271    i.TEMPC_SendCommand  tempc.o
    0x080033d0   0x080033d0   0x0000008c   Code   RO         5272    i.TEMPC_SetTemperature  tempc.o
    0x0800345c   0x0800345c   0x00000048   Code   RO         5273    i.TEMPC_Start       tempc.o
    0x080034a4   0x080034a4   0x00000048   Code   RO         5274    i.TEMPC_Stop        tempc.o
    0x080034ec   0x080034ec   0x0000000c   Code   RO          327    i.TIM6_DAC_IRQHandler  stm32f4xx_it.o
    0x080034f8   0x080034f8   0x0000000c   Code   RO          328    i.TIM8_TRG_COM_TIM14_IRQHandler  stm32f4xx_it.o
    0x08003504   0x08003504   0x0000000c   Code   RO          329    i.TIM8_UP_TIM13_IRQHandler  stm32f4xx_it.o
    0x08003510   0x08003510   0x000000c8   Code   RO         2112    i.TIM_Base_SetConfig  stm32f4xx_hal_tim.o
    0x080035d8   0x080035d8   0x0000001a   Code   RO         2113    i.TIM_CCxChannelCmd  stm32f4xx_hal_tim.o
    0x080035f2   0x080035f2   0x00000002   PAD
    0x080035f4   0x080035f4   0x00000060   Code   RO         2125    i.TIM_OC1_SetConfig  stm32f4xx_hal_tim.o
    0x08003654   0x08003654   0x0000006c   Code   RO         2126    i.TIM_OC2_SetConfig  stm32f4xx_hal_tim.o
    0x080036c0   0x080036c0   0x00000068   Code   RO         2127    i.TIM_OC3_SetConfig  stm32f4xx_hal_tim.o
    0x08003728   0x08003728   0x00000050   Code   RO         2128    i.TIM_OC4_SetConfig  stm32f4xx_hal_tim.o
    0x08003778   0x08003778   0x00000034   Code   RO          330    i.UART4_IRQHandler  stm32f4xx_it.o
    0x080037ac   0x080037ac   0x00000034   Code   RO          331    i.UART5_IRQHandler  stm32f4xx_it.o
    0x080037e0   0x080037e0   0x00000010   Code   RO         2988    i.UART_DMAAbortOnError  stm32f4xx_hal_uart.o
    0x080037f0   0x080037f0   0x0000004a   Code   RO         2989    i.UART_DMAError     stm32f4xx_hal_uart.o
    0x0800383a   0x0800383a   0x0000003c   Code   RO         2990    i.UART_DMAReceiveCplt  stm32f4xx_hal_uart.o
    0x08003876   0x08003876   0x0000000a   Code   RO         2992    i.UART_DMARxHalfCplt  stm32f4xx_hal_uart.o
    0x08003880   0x08003880   0x0000002e   Code   RO         2994    i.UART_DMATransmitCplt  stm32f4xx_hal_uart.o
    0x080038ae   0x080038ae   0x0000000a   Code   RO         2996    i.UART_DMATxHalfCplt  stm32f4xx_hal_uart.o
    0x080038b8   0x080038b8   0x0000001c   Code   RO         2998    i.UART_EndRxTransfer  stm32f4xx_hal_uart.o
    0x080038d4   0x080038d4   0x00000012   Code   RO         2999    i.UART_EndTxTransfer  stm32f4xx_hal_uart.o
    0x080038e6   0x080038e6   0x00000096   Code   RO         3000    i.UART_Receive_IT   stm32f4xx_hal_uart.o
    0x0800397c   0x0800397c   0x00000128   Code   RO         3001    i.UART_SetConfig    stm32f4xx_hal_uart.o
    0x08003aa4   0x08003aa4   0x00000062   Code   RO         3002    i.UART_Transmit_IT  stm32f4xx_hal_uart.o
    0x08003b06   0x08003b06   0x00000064   Code   RO         3003    i.UART_WaitOnFlagUntilTimeout  stm32f4xx_hal_uart.o
    0x08003b6a   0x08003b6a   0x00000002   PAD
    0x08003b6c   0x08003b6c   0x00000034   Code   RO          332    i.USART3_IRQHandler  stm32f4xx_it.o
    0x08003ba0   0x08003ba0   0x00000002   Code   RO          333    i.UsageFault_Handler  stm32f4xx_it.o
    0x08003ba2   0x08003ba2   0x00000002   PAD
    0x08003ba4   0x08003ba4   0x00000028   Code   RO         5630    i.__0snprintf       mc_w.l(printfa.o)
    0x08003bcc   0x08003bcc   0x00000024   Code   RO         5634    i.__0vsnprintf      mc_w.l(printfa.o)
    0x08003bf0   0x08003bf0   0x00000020   Code   RO         1647    i.__NVIC_SetPriority  stm32f4xx_hal_cortex.o
    0x08003c10   0x08003c10   0x00000038   Code   RO         5375    i.__hardfp_strtof   m_wm.l(strtof.o)
    0x08003c48   0x08003c48   0x0000000e   Code   RO         5722    i.__scatterload_copy  mc_w.l(handlers.o)
    0x08003c56   0x08003c56   0x00000002   Code   RO         5723    i.__scatterload_null  mc_w.l(handlers.o)
    0x08003c58   0x08003c58   0x0000000e   Code   RO         5724    i.__scatterload_zeroinit  mc_w.l(handlers.o)
    0x08003c66   0x08003c66   0x00000002   PAD
    0x08003c68   0x08003c68   0x00000164   Code   RO         5636    i._fp_digits        mc_w.l(printfa.o)
    0x08003dcc   0x08003dcc   0x0000000e   Code   RO         5706    i._is_digit         mc_w.l(scanf_fp.o)
    0x08003dda   0x08003dda   0x00000002   PAD
    0x08003ddc   0x08003ddc   0x000006dc   Code   RO         5637    i._printf_core      mc_w.l(printfa.o)
    0x080044b8   0x080044b8   0x00000024   Code   RO         5638    i._printf_post_padding  mc_w.l(printfa.o)
    0x080044dc   0x080044dc   0x0000002e   Code   RO         5639    i._printf_pre_padding  mc_w.l(printfa.o)
    0x0800450a   0x0800450a   0x00000016   Code   RO         5640    i._snputc           mc_w.l(printfa.o)
    0x08004520   0x08004520   0x00000044   Code   RO         5023    i.error             print.o
    0x08004564   0x08004564   0x000000b8   Code   RO         5341    i.get_fluor_data    fluor.o
    0x0800461c   0x0800461c   0x00000148   Code   RO           20    i.main              main.o
    0x08004764   0x08004764   0x00000034   Code   RO         4419    i.osKernelInitialize  cmsis_os2.o
    0x08004798   0x08004798   0x0000003c   Code   RO         4422    i.osKernelStart     cmsis_os2.o
    0x080047d4   0x080047d4   0x000000a0   Code   RO         4455    i.osThreadNew       cmsis_os2.o
    0x08004874   0x08004874   0x00000060   Code   RO         5024    i.print_uart        print.o
    0x080048d4   0x080048d4   0x0000005c   Code   RO         3889    i.prvAddCurrentTaskToDelayedList  tasks.o
    0x08004930   0x08004930   0x000000d0   Code   RO         3890    i.prvAddNewTaskToReadyList  tasks.o
    0x08004a00   0x08004a00   0x00000058   Code   RO         4242    i.prvCheckForValidListAndQueue  timers.o
    0x08004a58   0x08004a58   0x00000026   Code   RO         3486    i.prvCopyDataFromQueue  queue.o
    0x08004a7e   0x08004a7e   0x0000006c   Code   RO         3487    i.prvCopyDataToQueue  queue.o
    0x08004aea   0x08004aea   0x00000034   Code   RO         3891    i.prvDeleteTCB      tasks.o
    0x08004b1e   0x08004b1e   0x00000002   PAD
    0x08004b20   0x08004b20   0x0000004c   Code   RO         4832    i.prvHeapInit       heap_4.o
    0x08004b6c   0x08004b6c   0x00000060   Code   RO         3892    i.prvIdleTask       tasks.o
    0x08004bcc   0x08004bcc   0x00000022   Code   RO         3489    i.prvInitialiseNewQueue  queue.o
    0x08004bee   0x08004bee   0x00000002   PAD
    0x08004bf0   0x08004bf0   0x000000b0   Code   RO         3893    i.prvInitialiseNewTask  tasks.o
    0x08004ca0   0x08004ca0   0x0000004c   Code   RO         4833    i.prvInsertBlockIntoFreeList  heap_4.o
    0x08004cec   0x08004cec   0x00000038   Code   RO         4244    i.prvInsertTimerInActiveList  timers.o
    0x08004d24   0x08004d24   0x0000001c   Code   RO         3490    i.prvIsQueueEmpty   queue.o
    0x08004d40   0x08004d40   0x000000fc   Code   RO         4245    i.prvProcessReceivedCommands  timers.o
    0x08004e3c   0x08004e3c   0x000000c0   Code   RO         4246    i.prvProcessTimerOrBlockTask  timers.o
    0x08004efc   0x08004efc   0x00000020   Code   RO         3895    i.prvResetNextTaskUnblockTime  tasks.o
    0x08004f1c   0x08004f1c   0x00000028   Code   RO         4247    i.prvSampleTimeNow  timers.o
    0x08004f44   0x08004f44   0x0000006c   Code   RO         4248    i.prvSwitchTimerLists  timers.o
    0x08004fb0   0x08004fb0   0x00000028   Code   RO         4883    i.prvTaskExitError  port.o
    0x08004fd8   0x08004fd8   0x00000024   Code   RO         4249    i.prvTimerTask      timers.o
    0x08004ffc   0x08004ffc   0x0000006a   Code   RO         3491    i.prvUnlockQueue    queue.o
    0x08005066   0x08005066   0x00000002   PAD
    0x08005068   0x08005068   0x000000d8   Code   RO         4834    i.pvPortMalloc      heap_4.o
    0x08005140   0x08005140   0x00000018   Code   RO         3898    i.pvTaskIncrementMutexHeldCount  tasks.o
    0x08005158   0x08005158   0x0000002c   Code   RO         4884    i.pxPortInitialiseStack  port.o
    0x08005184   0x08005184   0x0000007c   Code   RO          250    i.scan_channels     freertos.o
    0x08005200   0x08005200   0x00000026   Code   RO         3446    i.uxListRemove      list.o
    0x08005226   0x08005226   0x00000002   PAD
    0x08005228   0x08005228   0x00000014   Code   RO         4467    i.vApplicationGetIdleTaskMemory  cmsis_os2.o
    0x0800523c   0x0800523c   0x00000018   Code   RO         4468    i.vApplicationGetTimerTaskMemory  cmsis_os2.o
    0x08005254   0x08005254   0x00000016   Code   RO         3447    i.vListInitialise   list.o
    0x0800526a   0x0800526a   0x00000006   Code   RO         3448    i.vListInitialiseItem  list.o
    0x08005270   0x08005270   0x00000030   Code   RO         3449    i.vListInsert       list.o
    0x080052a0   0x080052a0   0x00000018   Code   RO         3450    i.vListInsertEnd    list.o
    0x080052b8   0x080052b8   0x00000040   Code   RO         4886    i.vPortEnterCritical  port.o
    0x080052f8   0x080052f8   0x00000028   Code   RO         4887    i.vPortExitCritical  port.o
    0x08005320   0x08005320   0x0000005c   Code   RO         4835    i.vPortFree         heap_4.o
    0x0800537c   0x0800537c   0x00000024   Code   RO         4888    i.vPortSetupTimerInterrupt  port.o
    0x080053a0   0x080053a0   0x00000054   Code   RO         4889    i.vPortValidateInterruptPriority  port.o
    0x080053f4   0x080053f4   0x00000028   Code   RO         3497    i.vQueueAddToRegistry  queue.o
    0x0800541c   0x0800541c   0x00000044   Code   RO         3501    i.vQueueWaitForMessageRestricted  queue.o
    0x08005460   0x08005460   0x0000004c   Code   RO         3907    i.vTaskDelay        tasks.o
    0x080054ac   0x080054ac   0x0000008c   Code   RO         3908    i.vTaskDelayUntil   tasks.o
    0x08005538   0x08005538   0x00000090   Code   RO         3909    i.vTaskDelete       tasks.o
    0x080055c8   0x080055c8   0x00000010   Code   RO         3912    i.vTaskInternalSetTimeOutState  tasks.o
    0x080055d8   0x080055d8   0x0000000c   Code   RO         3913    i.vTaskMissedYield  tasks.o
    0x080055e4   0x080055e4   0x00000030   Code   RO         3915    i.vTaskPlaceOnEventList  tasks.o
    0x08005614   0x08005614   0x00000038   Code   RO         3916    i.vTaskPlaceOnEventListRestricted  tasks.o
    0x0800564c   0x0800564c   0x00000090   Code   RO         3918    i.vTaskPriorityDisinheritAfterTimeout  tasks.o
    0x080056dc   0x080056dc   0x00000088   Code   RO         3924    i.vTaskStartScheduler  tasks.o
    0x08005764   0x08005764   0x00000010   Code   RO         3926    i.vTaskSuspendAll   tasks.o
    0x08005774   0x08005774   0x00000064   Code   RO         3927    i.vTaskSwitchContext  tasks.o
    0x080057d8   0x080057d8   0x000000f4   Code   RO         4890    i.xPortStartScheduler  port.o
    0x080058cc   0x080058cc   0x00000048   Code   RO         3506    i.xQueueGenericCreate  queue.o
    0x08005914   0x08005914   0x00000066   Code   RO         3507    i.xQueueGenericCreateStatic  queue.o
    0x0800597a   0x0800597a   0x00000002   PAD
    0x0800597c   0x0800597c   0x00000088   Code   RO         3508    i.xQueueGenericReset  queue.o
    0x08005a04   0x08005a04   0x00000160   Code   RO         3509    i.xQueueGenericSend  queue.o
    0x08005b64   0x08005b64   0x000000bc   Code   RO         3510    i.xQueueGenericSendFromISR  queue.o
    0x08005c20   0x08005c20   0x0000009c   Code   RO         3513    i.xQueueGiveFromISR  queue.o
    0x08005cbc   0x08005cbc   0x00000138   Code   RO         3519    i.xQueueReceive     queue.o
    0x08005df4   0x08005df4   0x00000178   Code   RO         3521    i.xQueueSemaphoreTake  queue.o
    0x08005f6c   0x08005f6c   0x00000074   Code   RO         3928    i.xTaskCheckForTimeOut  tasks.o
    0x08005fe0   0x08005fe0   0x0000005a   Code   RO         3929    i.xTaskCreate       tasks.o
    0x0800603a   0x0800603a   0x00000056   Code   RO         3930    i.xTaskCreateStatic  tasks.o
    0x08006090   0x08006090   0x0000001c   Code   RO         3934    i.xTaskGetSchedulerState  tasks.o
    0x080060ac   0x080060ac   0x0000000c   Code   RO         3935    i.xTaskGetTickCount  tasks.o
    0x080060b8   0x080060b8   0x000000c8   Code   RO         3937    i.xTaskIncrementTick  tasks.o
    0x08006180   0x08006180   0x00000080   Code   RO         3940    i.xTaskPriorityDisinherit  tasks.o
    0x08006200   0x08006200   0x00000078   Code   RO         3941    i.xTaskPriorityInherit  tasks.o
    0x08006278   0x08006278   0x00000070   Code   RO         3942    i.xTaskRemoveFromEventList  tasks.o
    0x080062e8   0x080062e8   0x000000c4   Code   RO         3943    i.xTaskResumeAll    tasks.o
    0x080063ac   0x080063ac   0x00000060   Code   RO         4257    i.xTimerCreateTimerTask  timers.o
    0x0800640c   0x0800640c   0x00000068   Code   RO         4258    i.xTimerGenericCommand  timers.o
    0x08006474   0x08006474   0x00000024   Data   RO           28    .constdata          main.o
    0x08006498   0x08006498   0x00000024   Data   RO          253    .constdata          freertos.o
    0x080064bc   0x080064bc   0x00000008   Data   RO         1364    .constdata          stm32f4xx_hal_dma.o
    0x080064c4   0x080064c4   0x00000010   Data   RO         3278    .constdata          system_stm32f4xx.o
    0x080064d4   0x080064d4   0x00000008   Data   RO         3279    .constdata          system_stm32f4xx.o
    0x080064dc   0x080064dc   0x00000040   Data   RO         5716    .constdata          mc_w.l(ctype_c.o)
    0x0800651c   0x0800651c   0x0000000c   Data   RO           29    .conststring        main.o
    0x08006528   0x08006528   0x0000000a   Data   RO          255    .conststring        freertos.o
    0x08006532   0x08006532   0x00000002   PAD
    0x08006534   0x08006534   0x00000020   Data   RO         5720    Region$$Table       anon$$obj.o


    Execution Region RW_IRAM2 (Exec base: 0x10000000, Load base: 0x08006630, Size: 0x00000000, Max: 0x00010000, ABSOLUTE)

    **** No section assigned to this execution region ****


    Execution Region RW_IRAM1 (Exec base: 0x20000000, Load base: 0x08006554, Size: 0x00005338, Max: 0x00020000, ABSOLUTE)

    Exec Addr    Load Addr    Size         Type   Attr      Idx    E Section Name        Object

    0x20000000   0x08006554   0x00000020   Data   RW           30    .data               main.o
    0x20000020   0x08006574   0x0000000c   Data   RW          257    .data               freertos.o
    0x2000002c   0x08006580   0x00000004   Data   RW          258    .data               freertos.o
    0x20000030   0x08006584   0x00000004   Data   RW          259    .data               freertos.o
    0x20000034   0x08006588   0x0000000c   Data   RW         1791    .data               stm32f4xx_hal.o
    0x20000040   0x08006594   0x00000004   Data   RW         3280    .data               system_stm32f4xx.o
    0x20000044   0x08006598   0x0000003c   Data   RW         3946    .data               tasks.o
    0x20000080   0x080065d4   0x00000014   Data   RW         4266    .data               timers.o
    0x20000094   0x080065e8   0x00000004   Data   RW         4470    .data               cmsis_os2.o
    0x20000098   0x080065ec   0x00000018   Data   RW         4840    .data               heap_4.o
    0x200000b0   0x08006604   0x0000000c   Data   RW         4891    .data               port.o
    0x200000bc   0x08006610   0x00000010   Data   RW         4966    .data               callbacks.o
    0x200000cc   0x08006620   0x00000004   Data   RW         5027    .data               print.o
    0x200000d0   0x08006624   0x00000008   Data   RW         5277    .data               tempc.o
    0x200000d8   0x0800662c   0x00000004   Data   RW         5343    .data               fluor.o
    0x200000dc        -       0x00000160   Zero   RW           21    .bss                main.o
    0x2000023c        -       0x00000060   Zero   RW           22    .bss                main.o
    0x2000029c        -       0x00000060   Zero   RW           23    .bss                main.o
    0x200002fc        -       0x00000060   Zero   RW           24    .bss                main.o
    0x2000035c        -       0x00000060   Zero   RW           25    .bss                main.o
    0x200003bc        -       0x00000060   Zero   RW           26    .bss                main.o
    0x2000041c        -       0x00000060   Zero   RW           27    .bss                main.o
    0x2000047c        -       0x0000002d   Zero   RW          251    .bss                freertos.o
    0x200004a9   0x08006630   0x00000003   PAD
    0x200004ac        -       0x00000080   Zero   RW          252    .bss                freertos.o
    0x2000052c        -       0x00000040   Zero   RW          794    .bss                stm32f4xx_hal_timebase_tim.o
    0x2000056c        -       0x00000040   Zero   RW         3523    .bss                queue.o
    0x200005ac        -       0x000004c4   Zero   RW         3945    .bss                tasks.o
    0x20000a70        -       0x00000118   Zero   RW         4265    .bss                timers.o
    0x20000b88        -       0x000006b8   Zero   RW         4469    .bss                cmsis_os2.o
    0x20001240        -       0x00003c00   Zero   RW         4839    .bss                heap_4.o
    0x20004e40        -       0x00000040   Zero   RW         5025    .bss                print.o
    0x20004e80        -       0x00000038   Zero   RW         5084    .bss                stepper.o
    0x20004eb8        -       0x00000060   Zero   RW         5275    .bss                tempc.o
    0x20004f18        -       0x00000020   Zero   RW         5342    .bss                fluor.o
    0x20004f38        -       0x00000400   Zero   RW            1    STACK               startup_stm32f407xx.o


==============================================================================

Image component sizes


      Code (inc. data)   RO Data    RW Data    ZI Data      Debug   Object Name

       716        114          0         16          0       4303   callbacks.o
       316         22          0          4       1720      29744   cmsis_os2.o
         0          0          0          0          0      18464   event_groups.o
       184         84          0          4         32       1487   fluor.o
      1072        140         46         20        173       4970   freertos.o
       460         24          0         24      15360       4939   heap_4.o
       138          0          0          0          0       3714   list.o
      1540        212         48         32        928     699721   main.o
       786         82          0         12          0      11925   port.o
       164         20          0          4         64       3134   print.o
      2116         24          0          0         64      22156   queue.o
        36          8        392          0       1024        864   startup_stm32f407xx.o
       292         36          0          0         56     605929   stepper.o
        80         14          0         12          0       8250   stm32f4xx_hal.o
       192         14          0          0          0      34024   stm32f4xx_hal_cortex.o
        34          0          0          0          0       1103   stm32f4xx_hal_crc.o
      1084         16          8          0          0       8213   stm32f4xx_hal_dma.o
       484         52          0          0          0       3822   stm32f4xx_hal_gpio.o
      1008         96          0          0          0     695452   stm32f4xx_hal_msp.o
      1396         86          0          0          0       6085   stm32f4xx_hal_rcc.o
      1492         98          0          0          0      14429   stm32f4xx_hal_tim.o
         4          0          0          0          0       1681   stm32f4xx_hal_tim_ex.o
       116         18          0          0         64       1499   stm32f4xx_hal_timebase_tim.o
      1838         44          0          0          0      15648   stm32f4xx_hal_uart.o
       314         72          0          0          0     627853   stm32f4xx_it.o
         0          0          0          0          0        392   stream_buffer.o
        28          6         24          4          0       1239   system_stm32f4xx.o
      2656        216          0         60       1220      32361   tasks.o
       580        206          0          8         96       6050   tempc.o
       972         80          0         20        280      29955   timers.o

    ----------------------------------------------------------------------
     20132       1784        552        220      21084    2899406   Object Totals
         0          0         32          0          0          0   (incl. Generated)
        34          0          2          0          3          0   (incl. Padding)

    ----------------------------------------------------------------------

      Code (inc. data)   RO Data    RW Data    ZI Data      Debug   Library Member Name

        56         14          0          0          0        128   strtof.o
        64          0          0          0          0         84   _sgetc.o
        40          6         64          0          0         68   ctype_c.o
         0          0          0          0          0          0   entry.o
         0          0          0          0          0          0   entry10a.o
         0          0          0          0          0          0   entry11a.o
         8          4          0          0          0          0   entry2.o
         4          0          0          0          0          0   entry5.o
         0          0          0          0          0          0   entry7b.o
         0          0          0          0          0          0   entry8b.o
         8          4          0          0          0          0   entry9a.o
        30          0          0          0          0          0   handlers.o
        36          8          0          0          0         68   init.o
        10          0          0          0          0         68   isspace_c.o
         0          0          0          0          0          0   iusefp.o
        30          0          0          0          0         68   llshl.o
        36          0          0          0          0         68   llsshr.o
        32          0          0          0          0         68   llushr.o
        36          0          0          0          0         68   memcpya.o
        36          0          0          0          0        108   memseta.o
      2292         88          0          0          0        592   printfa.o
       838         12          0          0          0        216   scanf_fp.o
        36          0          0          0          0         80   strstr.o
       156         14          0          0          0        120   strtod.o
        44          0          0          0          0         80   uidiv.o
        98          0          0          0          0         92   uldiv.o
        48          0          0          0          0         68   cdrcmple.o
        56          0          0          0          0         88   d2f.o
       334          0          0          0          0        148   dadd.o
       222          0          0          0          0        100   ddiv.o
       186          0          0          0          0        176   depilogue.o
        48          0          0          0          0         68   dfixul.o
        24          0          0          0          0         76   dfltul.o
       228          0          0          0          0         96   dmul.o
        38          0          0          0          0         68   f2d.o
       110          0          0          0          0        168   fepilogue.o

    ----------------------------------------------------------------------
      5192        150         64          0          0       3032   Library Totals
         8          0          0          0          0          0   (incl. Padding)

    ----------------------------------------------------------------------

      Code (inc. data)   RO Data    RW Data    ZI Data      Debug   Library Name

        56         14          0          0          0        128   m_wm.l
      3834        136         64          0          0       1848   mc_w.l
      1294          0          0          0          0       1056   mf_w.l

    ----------------------------------------------------------------------
      5192        150         64          0          0       3032   Library Totals

    ----------------------------------------------------------------------

==============================================================================


      Code (inc. data)   RO Data    RW Data    ZI Data      Debug   

     25324       1934        616        220      21084    2882234   Grand Totals
     25324       1934        616        220      21084    2882234   ELF Image Totals
     25324       1934        616        220          0          0   ROM Totals

==============================================================================

    Total RO  Size (Code + RO Data)                25940 (  25.33kB)
    Total RW  Size (RW Data + ZI Data)             21304 (  20.80kB)
    Total ROM Size (Code + RO Data + RW Data)      26160 (  25.55kB)

==============================================================================

